Archive member included to satisfy reference by file (symbol)

/home/luker/src/mazeman/devkitpro//libnds/lib/libnds9.a(console.o)
                              main.o (consoleDemoInit)
/home/luker/src/mazeman/devkitpro//libnds/lib/libnds9.a(touch.o)
                              main.o (touchRead)
/home/luker/src/mazeman/devkitpro//libnds/lib/libnds9.a(background.o)
                              /home/luker/src/mazeman/devkitpro//libnds/lib/libnds9.a(console.o) (bgState)
/home/luker/src/mazeman/devkitpro//libnds/lib/libnds9.a(initSystem.o)
                              /home/luker/src/mazeman/devkitpro/devkitARM/bin/../lib/gcc/arm-none-eabi/5.3.0/../../../../arm-none-eabi/lib/thumb/ds_arm9_crt0.o (initSystem)
/home/luker/src/mazeman/devkitpro//libnds/lib/libnds9.a(fifosystem.o)
                              /home/luker/src/mazeman/devkitpro//libnds/lib/libnds9.a(initSystem.o) (fifoSetValue32Handler)
/home/luker/src/mazeman/devkitpro//libnds/lib/libnds9.a(libnds_exit.arm.o)
                              /home/luker/src/mazeman/devkitpro/devkitARM/bin/../lib/gcc/arm-none-eabi/5.3.0/../../../../arm-none-eabi/lib/thumb/ds_arm9_crt0.o (__libnds_exit)
/home/luker/src/mazeman/devkitpro//libnds/lib/libnds9.a(interrupts.o)
                              main.o (irqSet)
/home/luker/src/mazeman/devkitpro//libnds/lib/libnds9.a(IntrWait.o)
                              /home/luker/src/mazeman/devkitpro//libnds/lib/libnds9.a(fifosystem.o) (swiIntrWait)
/home/luker/src/mazeman/devkitpro//libnds/lib/libnds9.a(mpu_setup.o)
                              /home/luker/src/mazeman/devkitpro/devkitARM/bin/../lib/gcc/arm-none-eabi/5.3.0/../../../../arm-none-eabi/lib/thumb/ds_arm9_crt0.o (__libnds_mpu_setup)
/home/luker/src/mazeman/devkitpro//libnds/lib/libnds9.a(swiSoftReset.o)
                              /home/luker/src/mazeman/devkitpro//libnds/lib/libnds9.a(fifosystem.o) (swiSoftReset)
/home/luker/src/mazeman/devkitpro//libnds/lib/libnds9.a(debugprint.o)
                              /home/luker/src/mazeman/devkitpro//libnds/lib/libnds9.a(console.o) (nocashWrite)
/home/luker/src/mazeman/devkitpro//libnds/lib/libnds9.a(biosCalls.o)
                              main.o (swiWaitForVBlank)
/home/luker/src/mazeman/devkitpro//libnds/lib/libnds9.a(interruptDispatcher.o)
                              /home/luker/src/mazeman/devkitpro//libnds/lib/libnds9.a(interrupts.o) (IntrMain)
/home/luker/src/mazeman/devkitpro//libnds/lib/libnds9.a(default_font.bin.o)
                              /home/luker/src/mazeman/devkitpro//libnds/lib/libnds9.a(console.o) (default_font_bin)
/home/luker/src/mazeman/devkitpro//libnds/lib/libnds9.a(trig.o)
                              /home/luker/src/mazeman/devkitpro//libnds/lib/libnds9.a(background.o) (sinLerp)
/home/luker/src/mazeman/devkitpro//libnds/lib/libnds9.a(system.o)
                              /home/luker/src/mazeman/devkitpro//libnds/lib/libnds9.a(initSystem.o) (systemValueHandler)
/home/luker/src/mazeman/devkitpro//libnds/lib/libnds9.a(video.o)
                              /home/luker/src/mazeman/devkitpro//libnds/lib/libnds9.a(initSystem.o) (vramDefault)
/home/luker/src/mazeman/devkitpro//libnds/lib/libnds9.a(timeSupport.o)
                              /home/luker/src/mazeman/devkitpro//libnds/lib/libnds9.a(initSystem.o) (__libnds_gtod)
/home/luker/src/mazeman/devkitpro/devkitARM/bin/../lib/gcc/arm-none-eabi/5.3.0/thumb/libgcc.a(_divsi3.o)
                              /home/luker/src/mazeman/devkitpro//libnds/lib/libnds9.a(console.o) (__aeabi_idivmod)
/home/luker/src/mazeman/devkitpro/devkitARM/bin/../lib/gcc/arm-none-eabi/5.3.0/thumb/libgcc.a(_dvmd_tls.o)
                              /home/luker/src/mazeman/devkitpro/devkitARM/bin/../lib/gcc/arm-none-eabi/5.3.0/thumb/libgcc.a(_divsi3.o) (__aeabi_idiv0)
/home/luker/src/mazeman/devkitpro/devkitARM/bin/../lib/gcc/arm-none-eabi/5.3.0/../../../../arm-none-eabi/lib/thumb/libg.a(lib_a-bsearch.o)
                              /home/luker/src/mazeman/devkitpro//libnds/lib/libnds9.a(trig.o) (bsearch)
/home/luker/src/mazeman/devkitpro/devkitARM/bin/../lib/gcc/arm-none-eabi/5.3.0/../../../../arm-none-eabi/lib/thumb/libg.a(lib_a-init.o)
                              /home/luker/src/mazeman/devkitpro/devkitARM/bin/../lib/gcc/arm-none-eabi/5.3.0/../../../../arm-none-eabi/lib/thumb/ds_arm9_crt0.o (__libc_init_array)
/home/luker/src/mazeman/devkitpro/devkitARM/bin/../lib/gcc/arm-none-eabi/5.3.0/../../../../arm-none-eabi/lib/thumb/libg.a(lib_a-iprintf.o)
                              main.o (iprintf)
/home/luker/src/mazeman/devkitpro/devkitARM/bin/../lib/gcc/arm-none-eabi/5.3.0/../../../../arm-none-eabi/lib/thumb/libg.a(lib_a-memcpy.o)
                              /home/luker/src/mazeman/devkitpro//libnds/lib/libnds9.a(console.o) (memcpy)
/home/luker/src/mazeman/devkitpro/devkitARM/bin/../lib/gcc/arm-none-eabi/5.3.0/../../../../arm-none-eabi/lib/thumb/libg.a(lib_a-memset.o)
[...]
Memory Configuration

Name             Origin             Length             Attributes
rom              0x0000000008000000 0x0000000002000000
ewram            0x0000000002000000 0x00000000003ff000
dtcm             0x000000000b000000 0x0000000000004000
vectors          0x0000000001000000 0x0000000000000100
itcm             0x0000000001000100 0x0000000000007f00
*default*        0x0000000000000000 0xffffffffffffffff

Linker script and memory map

                0x0000000001000000                __vectors_start = ORIGIN (vectors)
                0x0000000001000100                __itcm_start = ORIGIN (itcm)
                0x00000000023ff000                __ewram_end = (ORIGIN (ewram) + 0x3ff000)
                0x00000000023ff000                __eheap_end = (ORIGIN (ewram) + 0x3ff000)
                0x000000000b000000                __dtcm_start = ORIGIN (dtcm)
                0x000000000b004000                __dtcm_top = (ORIGIN (dtcm) + 0x4000)
                0x000000000b003ff8                __irq_flags = (__dtcm_top - 0x8)
                0x000000000b003ffc                __irq_vector = (__dtcm_top - 0x4)
                0x000000000b003f00                __sp_svc = (__dtcm_top - 0x100)
                0x000000000b003e00                __sp_irq = (__sp_svc - 0x100)
                0x000000000b003d00                __sp_usr = (__sp_irq - 0x100)

.init           0x0000000002000000      0x23c
                0x0000000002000000                __text_start = .
 *(.init)
 .init          0x0000000002000000      0x230 /home/luker/src/mazeman/devkitpro/devkitARM/bin/../lib/gcc/arm-none-eabi/5.3.0/../../../../arm-none-eabi/lib/thumb/ds_arm9_crt0.o
                0x0000000002000000                _start
 .init          0x0000000002000230        0x4 /home/luker/src/mazeman/devkitpro/devkitARM/bin/../lib/gcc/arm-none-eabi/5.3.0/thumb/crti.o
                0x0000000002000230                _init
 .init          0x0000000002000234        0x8 /home/luker/src/mazeman/devkitpro/devkitARM/bin/../lib/gcc/arm-none-eabi/5.3.0/thumb/crtn.o
                0x000000000200023c                . = ALIGN (0x4)

.plt
 *(.plt)

.text           0x0000000002000240     0xab58
 *(EXCLUDE_FILE(*.itcm*) .text)
 .text          0x0000000002000240       0xd4 /home/luker/src/mazeman/devkitpro/devkitARM/bin/../lib/gcc/arm-none-eabi/5.3.0/thumb/crtbegin.o
 .text          0x0000000002000314       0x10 main.o
                0x0000000002000314                Vblank()
 .text          0x0000000002000324      0xa30 /home/luker/src/mazeman/devkitpro//libnds/lib/libnds9.a(console.o)
                0x00000000020003d4                nocash_write
                0x00000000020003e4                consoleGetDefault
                0x00000000020003f0                consoleSelect
                0x0000000002000400                consoleDebugInit
                0x0000000002000450                consolePrintChar
                0x0000000002000630                consoleLoadFont
                0x00000000020008ac                consoleSetFont
                0x00000000020008cc                consoleInit
                0x0000000002000a34                consoleDemoInit
                0x0000000002000a78                con_write
                0x0000000002000d24                consoleClear
                0x0000000002000d34                consoleSetWindow
 .text          0x0000000002000d54       0x48 /home/luker/src/mazeman/devkitpro//libnds/lib/libnds9.a(touch.o)
                0x0000000002000d54                touchRead
                0x0000000002000d78                touchReadXY
 .text          0x0000000002000d9c      0x350 /home/luker/src/mazeman/devkitpro//libnds/lib/libnds9.a(background.o)
                0x0000000002000dd8                bgIsText
                0x0000000002000de4                checkIfText
                0x0000000002000e0c                bgUpdate
                0x0000000002000efc                bgInit_call
                0x0000000002000fec                bgInitSub_call
 .text          0x00000000020010ec      0x148 /home/luker/src/mazeman/devkitpro//libnds/lib/libnds9.a(initSystem.o)
                0x00000000020010ec                initSystem
 .text          0x0000000002001234      0xd04 /home/luker/src/mazeman/devkitpro//libnds/lib/libnds9.a(fifosystem.o)
                0x0000000002001488                fifoSetValue32Handler
                0x00000000020014fc                fifoSendAddress
                0x0000000002001534                fifoSendValue32
                0x0000000002001584                fifoSendDatamsg
                0x0000000002001614                fifoGetAddress
                0x0000000002001680                fifoSetAddressHandler
                0x00000000020016f4                fifoGetValue32
                0x0000000002001708                fifoGetDatamsg
                0x0000000002001c38                fifoSetDatamsgHandler
                0x0000000002001cd0                fifoCheckAddress
                0x0000000002001cf4                fifoCheckDatamsg
                0x0000000002001d18                fifoCheckDatamsgLength
                0x0000000002001d48                fifoCheckValue32
                0x0000000002001d6c                fifoInit
 .text          0x0000000002001f38       0x60 /home/luker/src/mazeman/devkitpro//libnds/lib/libnds9.a(libnds_exit.arm.o)
                0x0000000002001f38                systemErrorExit
                0x0000000002001f3c                __libnds_exit
 .text          0x0000000002001f98      0x1e8 /home/luker/src/mazeman/devkitpro//libnds/lib/libnds9.a(interrupts.o)
                0x0000000002001f98                irqDummy
                0x0000000002001f9c                irqSet
                0x0000000002002008                irqInitHandler
                0x0000000002002030                irqInit
                0x0000000002002080                irqEnable
                0x00000000020020e4                irqDisable
                0x0000000002002148                irqClear
 .text          0x0000000002002180       0x20 /home/luker/src/mazeman/devkitpro//libnds/lib/libnds9.a(IntrWait.o)
                0x0000000002002180                swiIntrWait
 .text          0x00000000020021a0      0x1b4 /home/luker/src/mazeman/devkitpro//libnds/lib/libnds9.a(mpu_setup.o)
                0x00000000020021a0                __libnds_mpu_setup
                0x00000000020022e0                memCached
                0x00000000020022f8                memUncached
 *fill*         0x0000000002002354        0xc ff
 .text          0x0000000002002360       0x30 /home/luker/src/mazeman/devkitpro//libnds/lib/libnds9.a(swiSoftReset.o)
                0x0000000002002360                swiSoftReset
 .text          0x0000000002002390       0xa4 /home/luker/src/mazeman/devkitpro//libnds/lib/libnds9.a(debugprint.o)
                0x0000000002002390                nocashWrite
                0x0000000002002392                nocashMessage
 *fill*         0x0000000002002434        0xc ff
 .text          0x0000000002002440       0x70 /home/luker/src/mazeman/devkitpro//libnds/lib/libnds9.a(biosCalls.o)
                0x0000000002002440                swiDelay
                0x0000000002002444                swiWaitForVBlank
                0x0000000002002448                swiSleep
                0x000000000200244c                swiChangeSoundBias
                0x0000000002002450                swiDivide
                0x0000000002002454                swiRemainder
                0x000000000200245a                swiDivMod
                0x0000000002002466                swiCopy
                0x000000000200246a                swiFastCopy
                0x000000000200246e                swiSqrt
                0x0000000002002472                swiCRC16
                0x0000000002002476                swiIsDebugger
                0x000000000200247a                swiUnpackBits
                0x000000000200247e                swiDecompressLZSSWram
                0x0000000002002482                swiDecompressLZSSVramNTR
                0x0000000002002486                swiDecompressLZSSVramTWL
                0x000000000200248a                swiDecompressHuffman
                0x000000000200248e                swiDecompressRLEWram
                0x0000000002002492                swiDecompressRLEVram
                0x0000000002002496                swiWaitForIRQ
                0x000000000200249a                swiDecodeDelta8
                0x000000000200249e                swiDecodeDelta16
                0x00000000020024a2                swiSetHaltCR
 .text          0x00000000020024b0      0x2a0 /home/luker/src/mazeman/devkitpro//libnds/lib/libnds9.a(trig.o)
                0x00000000020024b0                asinComp
                0x00000000020024d4                sinLutLookup
                0x000000000200250c                sinLerp
                0x00000000020025a8                cosLerp
                0x00000000020025bc                tanLutLookup
                0x00000000020025f4                tanLerp
                0x000000000200269c                asinLerp
                0x0000000002002718                acosLerp
                0x000000000200272c                atanComp
 .text          0x0000000002002750      0x140 /home/luker/src/mazeman/devkitpro//libnds/lib/libnds9.a(system.o)
                0x0000000002002750                setSDcallback
                0x000000000200275c                systemValueHandler
                0x00000000020027a4                systemMsgHandler
                0x00000000020027f4                systemSleep
                0x000000000200280c                powerOn
                0x0000000002002838                powerOff
                0x0000000002002860                ledBlink
                0x0000000002002870                getBatteryLevel
 .text          0x0000000002002890      0x1bc /home/luker/src/mazeman/devkitpro//libnds/lib/libnds9.a(video.o)
                0x0000000002002890                vramSetMainBanks
                0x00000000020028d4                vramSetPrimaryBanks
                0x00000000020028dc                vramSetBanks_EFG
                0x0000000002002914                vramRestorePrimaryBanks
                0x0000000002002920                vramRestoreMainBanks
                0x000000000200292c                vramRestoreBanks_EFG
                0x0000000002002938                setBrightness
                0x0000000002002978                vramDefault
 .text          0x0000000002002a4c       0x24 /home/luker/src/mazeman/devkitpro//libnds/lib/libnds9.a(timeSupport.o)
                0x0000000002002a4c                __libnds_gtod
 .text          0x0000000002002a70      0x150 /home/luker/src/mazeman/devkitpro/devkitARM/bin/../lib/gcc/arm-none-eabi/5.3.0/thumb/libgcc.a(_divsi3.o)
                0x0000000002002a70                __aeabi_idiv
                0x0000000002002a70                __divsi3
                0x0000000002002ba0                __aeabi_idivmod
 .text          0x0000000002002bc0        0x4 /home/luker/src/mazeman/devkitpro/devkitARM/bin/../lib/gcc/arm-none-eabi/5.3.0/thumb/libgcc.a(_dvmd_tls.o)
                0x0000000002002bc0                __aeabi_ldiv0
                0x0000000002002bc0                __aeabi_idiv0
 .text          0x0000000002002bc4      0x224 /home/luker/src/mazeman/devkitpro/devkitARM/bin/../lib/gcc/arm-none-eabi/5.3.0/../../../../arm-none-eabi/lib/thumb/libg.a(lib_a-strcmp.o)
                0x0000000002002bc4                strcmp
 .text          0x0000000002002de8      0x160 /home/luker/src/mazeman/devkitpro/devkitARM/bin/../lib/gcc/arm-none-eabi/5.3.0/../../../../arm-none-eabi/lib/thumb/libsysbase.a(iosupport.o)
                0x0000000002002dec                setDefaultDevice
                0x0000000002002dfc                FindDevice
                0x0000000002002e88                RemoveDevice
                0x0000000002002eac                AddDevice
                0x0000000002002f28                GetDeviceOpTab
 .text          0x0000000002002f48       0x54 /home/luker/src/mazeman/devkitpro/devkitARM/bin/../lib/gcc/arm-none-eabi/5.3.0/../../../../arm-none-eabi/lib/thumb/libsysbase.a(close.o)
                0x0000000002002f48                _close_r
 .text          0x0000000002002f9c       0x44 /home/luker/src/mazeman/devkitpro/devkitARM/bin/../lib/gcc/arm-none-eabi/5.3.0/../../../../arm-none-eabi/lib/thumb/libsysbase.a(fstat.o)
                0x0000000002002f9c                _fstat_r
 .text          0x0000000002002fe0        0x4 /home/luker/src/mazeman/devkitpro/devkitARM/bin/../lib/gcc/arm-none-eabi/5.3.0/../../../../arm-none-eabi/lib/thumb/libsysbase.a(isatty.o)
                0x0000000002002fe0                _isatty_r
 .text          0x0000000002002fe4       0x48 /home/luker/src/mazeman/devkitpro/devkitARM/bin/../lib/gcc/arm-none-eabi/5.3.0/../../../../arm-none-eabi/lib/thumb/libsysbase.a(lseek.o)
                0x0000000002002fe4                _lseek_r
 .text          0x000000000200302c       0x48 /home/luker/src/mazeman/devkitpro/devkitARM/bin/../lib/gcc/arm-none-eabi/5.3.0/../../../../arm-none-eabi/lib/thumb/libsysbase.a(read.o)
                0x000000000200302c                _read_r
 .text          0x0000000002003074       0x54 /home/luker/src/mazeman/devkitpro/devkitARM/bin/../lib/gcc/arm-none-eabi/5.3.0/../../../../arm-none-eabi/lib/thumb/libsysbase.a(sbrk.o)
                0x0000000002003074                _sbrk_r
 .text          0x00000000020030c8       0x48 /home/luker/src/mazeman/devkitpro/devkitARM/bin/../lib/gcc/arm-none-eabi/5.3.0/../../../../arm-none-eabi/lib/thumb/libsysbase.a(write.o)
                0x00000000020030c8                _write_r
 .text          0x0000000002003110       0x4c /home/luker/src/mazeman/devkitpro/devkitARM/bin/../lib/gcc/arm-none-eabi/5.3.0/../../../../arm-none-eabi/lib/thumb/libsysbase.a(build_argv.o)
                0x0000000002003110                build_argv
 .text          0x000000000200315c       0x20 /home/luker/src/mazeman/devkitpro/devkitARM/bin/../lib/gcc/arm-none-eabi/5.3.0/../../../../arm-none-eabi/lib/thumb/libsysbase.a(flock.o)
                0x000000000200315c                __flockfile
                0x000000000200316c                __funlockfile
 .text          0x000000000200317c      0x104 /home/luker/src/mazeman/devkitpro/devkitARM/bin/../lib/gcc/arm-none-eabi/5.3.0/../../../../arm-none-eabi/lib/thumb/libsysbase.a(syscall_support.o)
                0x000000000200317c                __libc_lock_init
                0x0000000002003194                __libc_lock_acquire
                0x00000000020031ac                __libc_lock_try_acquire
                0x00000000020031cc                __libc_lock_release
                0x00000000020031e4                __libc_lock_close
                0x00000000020031fc                __libc_lock_init_recursive
                0x0000000002003214                __libc_lock_acquire_recursive
                0x000000000200322c                __libc_lock_try_acquire_recursive
                0x000000000200324c                __libc_lock_release_recursive
                0x0000000002003264                __libc_lock_close_recursive
 .text          0x0000000002003280      0x204 /home/luker/src/mazeman/devkitpro/devkitARM/bin/../lib/gcc/arm-none-eabi/5.3.0/../../../../arm-none-eabi/lib/thumb/libsysbase.a(handle_manager.o)
                0x0000000002003280                __free_handle
                0x00000000020032b8                __release_handle
                0x00000000020032f0                __alloc_handle
                0x0000000002003348                __get_handle
                0x0000000002003364                dup
                0x00000000020033d8                dup2
 .text          0x0000000002003484       0x28 /home/luker/src/mazeman/devkitpro/devkitARM/bin/../lib/gcc/arm-none-eabi/5.3.0/../../../../arm-none-eabi/lib/thumb/libsysbase.a(getreent.o)
                0x0000000002003484                __getreent
 .text          0x00000000020034ac      0x11c /home/luker/src/mazeman/devkitpro/devkitARM/bin/../lib/gcc/arm-none-eabi/5.3.0/thumb/libgcc.a(_udivsi3.o)
                0x00000000020034ac                __udivsi3
                0x00000000020034ac                __aeabi_uidiv
                0x00000000020035a8                __aeabi_uidivmod
 .text          0x00000000020035c8       0x3c /home/luker/src/mazeman/devkitpro/devkitARM/bin/../lib/gcc/arm-none-eabi/5.3.0/thumb/libgcc.a(_aeabi_uldivmod.o)
                0x00000000020035c8                __aeabi_uldivmod
 .text          0x0000000002003604       0x60 /home/luker/src/mazeman/devkitpro/devkitARM/bin/../lib/gcc/arm-none-eabi/5.3.0/thumb/libgcc.a(_muldi3.o)
                0x0000000002003604                __aeabi_lmul
                0x0000000002003604                __muldi3
 .text          0x0000000002003664      0x184 /home/luker/src/mazeman/devkitpro/devkitARM/bin/../lib/gcc/arm-none-eabi/5.3.0/thumb/libgcc.a(_udivmoddi4.o)
                0x0000000002003664                __udivmoddi4
 .text          0x00000000020037e8       0x28 /home/luker/src/mazeman/devkitpro/devkitARM/bin/../lib/gcc/arm-none-eabi/5.3.0/thumb/libgcc.a(_clzdi2.o)
                0x00000000020037e8                __clzdi2
 .text          0x0000000002003810       0x48 /home/luker/src/mazeman/devkitpro/devkitARM/bin/../lib/gcc/arm-none-eabi/5.3.0/thumb/libgcc.a(_clzsi2.o)
                0x0000000002003810                __clzsi2
 *(.text.*)
 .text.startup  0x0000000002003858       0x7c main.o
                0x0000000002003858                main
 .text.bsearch  0x00000000020038d4       0x64 /home/luker/src/mazeman/devkitpro/devkitARM/bin/../lib/gcc/arm-none-eabi/5.3.0/../../../../arm-none-eabi/lib/thumb/libg.a(lib_a-bsearch.o)
                0x00000000020038d4                bsearch
 .text.__libc_init_array
                0x0000000002003938       0x58 /home/luker/src/mazeman/devkitpro/devkitARM/bin/../lib/gcc/arm-none-eabi/5.3.0/../../../../arm-none-eabi/lib/thumb/libg.a(lib_a-init.o)
                0x0000000002003938                __libc_init_array
 .text.iprintf  0x0000000002003990       0x24 /home/luker/src/mazeman/devkitpro/devkitARM/bin/../lib/gcc/arm-none-eabi/5.3.0/../../../../arm-none-eabi/lib/thumb/libg.a(lib_a-iprintf.o)
                0x0000000002003990                iprintf
 .text.memcpy   0x00000000020039b4       0x80 /home/luker/src/mazeman/devkitpro/devkitARM/bin/../lib/gcc/arm-none-eabi/5.3.0/../../../../arm-none-eabi/lib/thumb/libg.a(lib_a-memcpy.o)
                0x00000000020039b4                memcpy
 .text.memset   0x0000000002003a34       0x94 /home/luker/src/mazeman/devkitpro/devkitARM/bin/../lib/gcc/arm-none-eabi/5.3.0/../../../../arm-none-eabi/lib/thumb/libg.a(lib_a-memset.o)
                0x0000000002003a34                memset
 .text.setvbuf  0x0000000002003ac8      0x148 /home/luker/src/mazeman/devkitpro/devkitARM/bin/../lib/gcc/arm-none-eabi/5.3.0/../../../../arm-none-eabi/lib/thumb/libg.a(lib_a-setvbuf.o)
                0x0000000002003ac8                setvbuf
 .text.siscanf  0x0000000002003c10       0x4c /home/luker/src/mazeman/devkitpro/devkitARM/bin/../lib/gcc/arm-none-eabi/5.3.0/../../../../arm-none-eabi/lib/thumb/libg.a(lib_a-siscanf.o)
                0x0000000002003c10                siscanf
 .text.__sread  0x0000000002003c5c       0x2c /home/luker/src/mazeman/devkitpro/devkitARM/bin/../lib/gcc/arm-none-eabi/5.3.0/../../../../arm-none-eabi/lib/thumb/libg.a(lib_a-stdio.o)
                0x0000000002003c5c                __sread
 .text.__seofread
                0x0000000002003c88        0x4 /home/luker/src/mazeman/devkitpro/devkitARM/bin/../lib/gcc/arm-none-eabi/5.3.0/../../../../arm-none-eabi/lib/thumb/libg.a(lib_a-stdio.o)
                0x0000000002003c88                __seofread
 .text.__swrite
                0x0000000002003c8c       0x3c /home/luker/src/mazeman/devkitpro/devkitARM/bin/../lib/gcc/arm-none-eabi/5.3.0/../../../../arm-none-eabi/lib/thumb/libg.a(lib_a-stdio.o)
                0x0000000002003c8c                __swrite
 .text.__sseek  0x0000000002003cc8       0x30 /home/luker/src/mazeman/devkitpro/devkitARM/bin/../lib/gcc/arm-none-eabi/5.3.0/../../../../arm-none-eabi/lib/thumb/libg.a(lib_a-stdio.o)
                0x0000000002003cc8                __sseek
 .text.__sclose
                0x0000000002003cf8       0x10 /home/luker/src/mazeman/devkitpro/devkitARM/bin/../lib/gcc/arm-none-eabi/5.3.0/../../../../arm-none-eabi/lib/thumb/libg.a(lib_a-stdio.o)
                0x0000000002003cf8                __sclose
 .text.strlen   0x0000000002003d08       0x6c /home/luker/src/mazeman/devkitpro/devkitARM/bin/../lib/gcc/arm-none-eabi/5.3.0/../../../../arm-none-eabi/lib/thumb/libg.a(lib_a-strlen.o)
                0x0000000002003d08                strlen
 .text._sungetc_r
                0x0000000002003d74       0x8c /home/luker/src/mazeman/devkitpro/devkitARM/bin/../lib/gcc/arm-none-eabi/5.3.0/../../../../arm-none-eabi/lib/thumb/libg.a(lib_a-svfiscanf.o)
                0x0000000002003d74                _sungetc_r
 .text.__ssrefill_r
                0x0000000002003e00       0x44 /home/luker/src/mazeman/devkitpro/devkitARM/bin/../lib/gcc/arm-none-eabi/5.3.0/../../../../arm-none-eabi/lib/thumb/libg.a(lib_a-svfiscanf.o)
                0x0000000002003e00                __ssrefill_r
 .text._sfread_r
                0x0000000002003e44       0x90 /home/luker/src/mazeman/devkitpro/devkitARM/bin/../lib/gcc/arm-none-eabi/5.3.0/../../../../arm-none-eabi/lib/thumb/libg.a(lib_a-svfiscanf.o)
                0x0000000002003e44                _sfread_r
 .text.__ssvfiscanf_r
                0x0000000002003ed4     0x1498 /home/luker/src/mazeman/devkitpro/devkitARM/bin/../lib/gcc/arm-none-eabi/5.3.0/../../../../arm-none-eabi/lib/thumb/libg.a(lib_a-svfiscanf.o)
                0x0000000002003ed4                __ssvfiscanf_r
 .text.__submore
                0x000000000200536c       0x88 /home/luker/src/mazeman/devkitpro/devkitARM/bin/../lib/gcc/arm-none-eabi/5.3.0/../../../../arm-none-eabi/lib/thumb/libg.a(lib_a-ungetc.o)
                0x000000000200536c                __submore
 .text.get_arg  0x00000000020053f4      0xcb0 /home/luker/src/mazeman/devkitpro/devkitARM/bin/../lib/gcc/arm-none-eabi/5.3.0/../../../../arm-none-eabi/lib/thumb/libg.a(lib_a-vfiprintf.o)
 .text.__sprint_r.part.0
                0x00000000020060a4       0x80 /home/luker/src/mazeman/devkitpro/devkitARM/bin/../lib/gcc/arm-none-eabi/5.3.0/../../../../arm-none-eabi/lib/thumb/libg.a(lib_a-vfiprintf.o)
 .text._vfiprintf_r
                0x0000000002006124     0x2240 /home/luker/src/mazeman/devkitpro/devkitARM/bin/../lib/gcc/arm-none-eabi/5.3.0/../../../../arm-none-eabi/lib/thumb/libg.a(lib_a-vfiprintf.o)
                0x0000000002006124                _vfiprintf_r
 .text.__sbprintf
                0x0000000002008364       0x8c /home/luker/src/mazeman/devkitpro/devkitARM/bin/../lib/gcc/arm-none-eabi/5.3.0/../../../../arm-none-eabi/lib/thumb/libg.a(lib_a-vfiprintf.o)
 .text._wcrtomb_r
                0x00000000020083f0       0x6c /home/luker/src/mazeman/devkitpro/devkitARM/bin/../lib/gcc/arm-none-eabi/5.3.0/../../../../arm-none-eabi/lib/thumb/libg.a(lib_a-wcrtomb.o)
                0x00000000020083f0                _wcrtomb_r
 .text._wcsrtombs_r
                0x000000000200845c       0x1c /home/luker/src/mazeman/devkitpro/devkitARM/bin/../lib/gcc/arm-none-eabi/5.3.0/../../../../arm-none-eabi/lib/thumb/libg.a(lib_a-wcsrtombs.o)
                0x000000000200845c                _wcsrtombs_r
 .text.__utf8_wctomb
                0x0000000002008478       0xbc /home/luker/src/mazeman/devkitpro/devkitARM/bin/../lib/gcc/arm-none-eabi/5.3.0/../../../../arm-none-eabi/lib/thumb/libg.a(lib_a-wctomb_r.o)
                0x0000000002008478                __utf8_wctomb
 .text.__swsetup_r
                0x0000000002008534       0xcc /home/luker/src/mazeman/devkitpro/devkitARM/bin/../lib/gcc/arm-none-eabi/5.3.0/../../../../arm-none-eabi/lib/thumb/libg.a(lib_a-wsetup.o)
                0x0000000002008534                __swsetup_r
 .text.__sflush_r
                0x0000000002008600      0x158 /home/luker/src/mazeman/devkitpro/devkitARM/bin/../lib/gcc/arm-none-eabi/5.3.0/../../../../arm-none-eabi/lib/thumb/libg.a(lib_a-fflush.o)
                0x0000000002008600                __sflush_r
 .text._fflush_r
                0x0000000002008758       0x58 /home/luker/src/mazeman/devkitpro/devkitARM/bin/../lib/gcc/arm-none-eabi/5.3.0/../../../../arm-none-eabi/lib/thumb/libg.a(lib_a-fflush.o)
                0x0000000002008758                _fflush_r
 .text._cleanup_r
                0x00000000020087b0       0x14 /home/luker/src/mazeman/devkitpro/devkitARM/bin/../lib/gcc/arm-none-eabi/5.3.0/../../../../arm-none-eabi/lib/thumb/libg.a(lib_a-findfp.o)
                0x00000000020087b0                _cleanup_r
 .text.std.isra.0
                0x00000000020087c4       0x54 /home/luker/src/mazeman/devkitpro/devkitARM/bin/../lib/gcc/arm-none-eabi/5.3.0/../../../../arm-none-eabi/lib/thumb/libg.a(lib_a-findfp.o)
 .text.__sinit  0x0000000002008818       0x64 /home/luker/src/mazeman/devkitpro/devkitARM/bin/../lib/gcc/arm-none-eabi/5.3.0/../../../../arm-none-eabi/lib/thumb/libg.a(lib_a-findfp.o)
                0x0000000002008818                __sinit
 .text.__sfp_lock_acquire
                0x000000000200887c       0x14 /home/luker/src/mazeman/devkitpro/devkitARM/bin/../lib/gcc/arm-none-eabi/5.3.0/../../../../arm-none-eabi/lib/thumb/libg.a(lib_a-findfp.o)
                0x000000000200887c                __sfp_lock_acquire
 .text.__sfp_lock_release
                0x0000000002008890       0x14 /home/luker/src/mazeman/devkitpro/devkitARM/bin/../lib/gcc/arm-none-eabi/5.3.0/../../../../arm-none-eabi/lib/thumb/libg.a(lib_a-findfp.o)
                0x0000000002008890                __sfp_lock_release
 .text.__fputwc
                0x00000000020088a4       0xc0 /home/luker/src/mazeman/devkitpro/devkitARM/bin/../lib/gcc/arm-none-eabi/5.3.0/../../../../arm-none-eabi/lib/thumb/libg.a(lib_a-fputwc.o)
                0x00000000020088a4                __fputwc
 .text._fputwc_r
                0x0000000002008964       0x5c /home/luker/src/mazeman/devkitpro/devkitARM/bin/../lib/gcc/arm-none-eabi/5.3.0/../../../../arm-none-eabi/lib/thumb/libg.a(lib_a-fputwc.o)
                0x0000000002008964                _fputwc_r
 .text._malloc_trim_r
                0x00000000020089c0       0xa4 /home/luker/src/mazeman/devkitpro/devkitARM/bin/../lib/gcc/arm-none-eabi/5.3.0/../../../../arm-none-eabi/lib/thumb/libg.a(lib_a-freer.o)
                0x00000000020089c0                _malloc_trim_r
 .text._free_r  0x0000000002008a64      0x1c8 /home/luker/src/mazeman/devkitpro/devkitARM/bin/../lib/gcc/arm-none-eabi/5.3.0/../../../../arm-none-eabi/lib/thumb/libg.a(lib_a-freer.o)
                0x0000000002008a64                _free_r
 .text.__sfvwrite_r
                0x0000000002008c2c      0x340 /home/luker/src/mazeman/devkitpro/devkitARM/bin/../lib/gcc/arm-none-eabi/5.3.0/../../../../arm-none-eabi/lib/thumb/libg.a(lib_a-fvwrite.o)
                0x0000000002008c2c                __sfvwrite_r
 .text._fwalk_reent
                0x0000000002008f6c       0x54 /home/luker/src/mazeman/devkitpro/devkitARM/bin/../lib/gcc/arm-none-eabi/5.3.0/../../../../arm-none-eabi/lib/thumb/libg.a(lib_a-fwalk.o)
                0x0000000002008f6c                _fwalk_reent
 .text.iswspace
                0x0000000002008fc0       0x78 /home/luker/src/mazeman/devkitpro/devkitARM/bin/../lib/gcc/arm-none-eabi/5.3.0/../../../../arm-none-eabi/lib/thumb/libg.a(lib_a-iswspace.o)
                0x0000000002008fc0                iswspace
 .text.__jp2uc  0x0000000002009038      0x188 /home/luker/src/mazeman/devkitpro/devkitARM/bin/../lib/gcc/arm-none-eabi/5.3.0/../../../../arm-none-eabi/lib/thumb/libg.a(lib_a-jp2uc.o)
 .text._jp2uc   0x00000000020091c0       0x64 /home/luker/src/mazeman/devkitpro/devkitARM/bin/../lib/gcc/arm-none-eabi/5.3.0/../../../../arm-none-eabi/lib/thumb/libg.a(lib_a-jp2uc.o)
                0x00000000020091c0                _jp2uc
 .text.__locale_charset
                0x0000000002009224        0x8 /home/luker/src/mazeman/devkitpro/devkitARM/bin/../lib/gcc/arm-none-eabi/5.3.0/../../../../arm-none-eabi/lib/thumb/libg.a(lib_a-locale.o)
                0x0000000002009224                __locale_charset
 .text.__locale_mb_cur_max
                0x000000000200922c        0xc /home/luker/src/mazeman/devkitpro/devkitARM/bin/../lib/gcc/arm-none-eabi/5.3.0/../../../../arm-none-eabi/lib/thumb/libg.a(lib_a-locale.o)
                0x000000000200922c                __locale_mb_cur_max
 .text._localeconv_r
                0x0000000002009238        0x8 /home/luker/src/mazeman/devkitpro/devkitARM/bin/../lib/gcc/arm-none-eabi/5.3.0/../../../../arm-none-eabi/lib/thumb/libg.a(lib_a-locale.o)
                0x0000000002009238                _localeconv_r
 .text.__smakebuf_r
                0x0000000002009240       0xf4 /home/luker/src/mazeman/devkitpro/devkitARM/bin/../lib/gcc/arm-none-eabi/5.3.0/../../../../arm-none-eabi/lib/thumb/libg.a(lib_a-makebuf.o)
                0x0000000002009240                __smakebuf_r
 .text.malloc   0x0000000002009334       0x14 /home/luker/src/mazeman/devkitpro/devkitARM/bin/../lib/gcc/arm-none-eabi/5.3.0/../../../../arm-none-eabi/lib/thumb/libg.a(lib_a-malloc.o)
                0x0000000002009334                malloc
 .text.free     0x0000000002009348       0x14 /home/luker/src/mazeman/devkitpro/devkitARM/bin/../lib/gcc/arm-none-eabi/5.3.0/../../../../arm-none-eabi/lib/thumb/libg.a(lib_a-malloc.o)
                0x0000000002009348                free
 .text._malloc_r
                0x000000000200935c      0x564 /home/luker/src/mazeman/devkitpro/devkitARM/bin/../lib/gcc/arm-none-eabi/5.3.0/../../../../arm-none-eabi/lib/thumb/libg.a(lib_a-mallocr.o)
                0x000000000200935c                _malloc_r
 .text._mbrtowc_r
                0x00000000020098c0       0x7c /home/luker/src/mazeman/devkitpro/devkitARM/bin/../lib/gcc/arm-none-eabi/5.3.0/../../../../arm-none-eabi/lib/thumb/libg.a(lib_a-mbrtowc.o)
                0x00000000020098c0                _mbrtowc_r
 .text.__utf8_mbtowc
                0x000000000200993c      0x2cc /home/luker/src/mazeman/devkitpro/devkitARM/bin/../lib/gcc/arm-none-eabi/5.3.0/../../../../arm-none-eabi/lib/thumb/libg.a(lib_a-mbtowc_r.o)
                0x000000000200993c                __utf8_mbtowc
 .text.memchr   0x0000000002009c08       0x90 /home/luker/src/mazeman/devkitpro/devkitARM/bin/../lib/gcc/arm-none-eabi/5.3.0/../../../../arm-none-eabi/lib/thumb/libg.a(lib_a-memchr.o)
                0x0000000002009c08                memchr
 .text.memmove  0x0000000002009c98       0x9c /home/luker/src/mazeman/devkitpro/devkitARM/bin/../lib/gcc/arm-none-eabi/5.3.0/../../../../arm-none-eabi/lib/thumb/libg.a(lib_a-memmove.o)
                0x0000000002009c98                memmove
 .text.__malloc_lock
                0x0000000002009d34       0x14 /home/luker/src/mazeman/devkitpro/devkitARM/bin/../lib/gcc/arm-none-eabi/5.3.0/../../../../arm-none-eabi/lib/thumb/libg.a(lib_a-mlock.o)
                0x0000000002009d34                __malloc_lock
 .text.__malloc_unlock
                0x0000000002009d48       0x14 /home/luker/src/mazeman/devkitpro/devkitARM/bin/../lib/gcc/arm-none-eabi/5.3.0/../../../../arm-none-eabi/lib/thumb/libg.a(lib_a-mlock.o)
                0x0000000002009d48                __malloc_unlock
 .text._realloc_r
                0x0000000002009d5c      0x3ec /home/luker/src/mazeman/devkitpro/devkitARM/bin/../lib/gcc/arm-none-eabi/5.3.0/../../../../arm-none-eabi/lib/thumb/libg.a(lib_a-reallocr.o)
                0x0000000002009d5c                _realloc_r
 .text.__sccl   0x000000000200a148       0x7c /home/luker/src/mazeman/devkitpro/devkitARM/bin/../lib/gcc/arm-none-eabi/5.3.0/../../../../arm-none-eabi/lib/thumb/libg.a(lib_a-sccl.o)
                0x000000000200a148                __sccl
 .text.strchr   0x000000000200a1c4       0xdc /home/luker/src/mazeman/devkitpro/devkitARM/bin/../lib/gcc/arm-none-eabi/5.3.0/../../../../arm-none-eabi/lib/thumb/libg.a(lib_a-strchr.o)
                0x000000000200a1c4                strchr
 .text.strncmp  0x000000000200a2a0       0x94 /home/luker/src/mazeman/devkitpro/devkitARM/bin/../lib/gcc/arm-none-eabi/5.3.0/../../../../arm-none-eabi/lib/thumb/libg.a(lib_a-strncmp.o)
                0x000000000200a2a0                strncmp
 .text.strncpy  0x000000000200a334       0x7c /home/luker/src/mazeman/devkitpro/devkitARM/bin/../lib/gcc/arm-none-eabi/5.3.0/../../../../arm-none-eabi/lib/thumb/libg.a(lib_a-strncpy.o)
                0x000000000200a334                strncpy
 .text._strtoll_r
                0x000000000200a3b0      0x1e8 /home/luker/src/mazeman/devkitpro/devkitARM/bin/../lib/gcc/arm-none-eabi/5.3.0/../../../../arm-none-eabi/lib/thumb/libg.a(lib_a-strtoll_r.o)
                0x000000000200a3b0                _strtoll_r
 .text._strtol_r
                0x000000000200a598      0x178 /home/luker/src/mazeman/devkitpro/devkitARM/bin/../lib/gcc/arm-none-eabi/5.3.0/../../../../arm-none-eabi/lib/thumb/libg.a(lib_a-strtol.o)
                0x000000000200a598                _strtol_r
 .text._strtoull_r
                0x000000000200a710      0x1ec /home/luker/src/mazeman/devkitpro/devkitARM/bin/../lib/gcc/arm-none-eabi/5.3.0/../../../../arm-none-eabi/lib/thumb/libg.a(lib_a-strtoull_r.o)
                0x000000000200a710                _strtoull_r
 .text._strtoul_r
                0x000000000200a8fc      0x17c /home/luker/src/mazeman/devkitpro/devkitARM/bin/../lib/gcc/arm-none-eabi/5.3.0/../../../../arm-none-eabi/lib/thumb/libg.a(lib_a-strtoul.o)
                0x000000000200a8fc                _strtoul_r
 .text.__swbuf_r
                0x000000000200aa78       0xb8 /home/luker/src/mazeman/devkitpro/devkitARM/bin/../lib/gcc/arm-none-eabi/5.3.0/../../../../arm-none-eabi/lib/thumb/libg.a(lib_a-wbuf.o)
                0x000000000200aa78                __swbuf_r
 .text._wcsnrtombs_r
                0x000000000200ab30      0x118 /home/luker/src/mazeman/devkitpro/devkitARM/bin/../lib/gcc/arm-none-eabi/5.3.0/../../../../arm-none-eabi/lib/thumb/libg.a(lib_a-wcsnrtombs.o)
                0x000000000200ab30                _wcsnrtombs_r
 .text._fclose_r
                0x000000000200ac48       0xb4 /home/luker/src/mazeman/devkitpro/devkitARM/bin/../lib/gcc/arm-none-eabi/5.3.0/../../../../arm-none-eabi/lib/thumb/libg.a(lib_a-fclose.o)
                0x000000000200ac48                _fclose_r
 .text.__errno  0x000000000200acfc        0xc /home/luker/src/mazeman/devkitpro/devkitARM/bin/../lib/gcc/arm-none-eabi/5.3.0/../../../../arm-none-eabi/lib/thumb/libg.a(lib_a-errno.o)
                0x000000000200acfc                __errno
 .text.__errno.__stub
                0x000000000200ad08       0x80 linker stubs
 *(.stub)
 *(.gnu.warning)
 *(.gnu.linkonce.t*)
 *(.glue_7)
 .glue_7        0x000000000200ad98        0x0 linker stubs
 *(.glue_7t)
 .glue_7t       0x000000000200ad98        0x0 linker stubs
                0x000000000200ad98                . = ALIGN (0x4)

.vfp11_veneer   0x000000000200ad98        0x0
 .vfp11_veneer  0x000000000200ad98        0x0 linker stubs

.v4_bx          0x000000000200ad98        0x0
 .v4_bx         0x000000000200ad98        0x0 linker stubs

.iplt           0x000000000200ad98        0x0
 .iplt          0x000000000200ad98        0x0 /home/luker/src/mazeman/devkitpro/devkitARM/bin/../lib/gcc/arm-none-eabi/5.3.0/../../../../arm-none-eabi/lib/thumb/ds_arm9_crt0.o

.fini           0x000000000200ad98        0xc
 *(.fini)
 .fini          0x000000000200ad98        0x4 /home/luker/src/mazeman/devkitpro/devkitARM/bin/../lib/gcc/arm-none-eabi/5.3.0/thumb/crti.o
                0x000000000200ad98                _fini
 .fini          0x000000000200ad9c        0x8 /home/luker/src/mazeman/devkitpro/devkitARM/bin/../lib/gcc/arm-none-eabi/5.3.0/thumb/crtn.o
                0x000000000200ada4                __text_end = .

.rodata         0x000000000200ada4     0x6d90
 *(.rodata)
 .rodata        0x000000000200ada4      0x20c /home/luker/src/mazeman/devkitpro//libnds/lib/libnds9.a(console.o)
 .rodata        0x000000000200afb0     0x2004 /home/luker/src/mazeman/devkitpro//libnds/lib/libnds9.a(default_font.bin.o)
                0x000000000200afb0                default_font_bin
                0x000000000200cfb0                default_font_bin_end
                0x000000000200cfb0                default_font_bin_size
 .rodata        0x000000000200cfb4      0x308 /home/luker/src/mazeman/devkitpro//libnds/lib/libnds9.a(trig.o)
                0x000000000200cfb4                SIN_LUT
                0x000000000200d0b8                TAN_LUT
 .rodata        0x000000000200d2bc       0x68 /home/luker/src/mazeman/devkitpro/devkitARM/bin/../lib/gcc/arm-none-eabi/5.3.0/../../../../arm-none-eabi/lib/thumb/libsysbase.a(iosupport.o)
                0x000000000200d2bc                dotab_stdnull
 *all.rodata*(*)
 *(.roda)
 *(.rodata.*)
 .rodata.str1.4
                0x000000000200d324       0xaa main.o
                                         0xac (size before relaxing)
 *fill*         0x000000000200d3ce        0x2 ff
 .rodata.str1.4
                0x000000000200d3d0       0x4c /home/luker/src/mazeman/devkitpro//libnds/lib/libnds9.a(console.o)
 .rodata.__ssvfiscanf_r
                0x000000000200d41c      0x324 /home/luker/src/mazeman/devkitpro/devkitARM/bin/../lib/gcc/arm-none-eabi/5.3.0/../../../../arm-none-eabi/lib/thumb/libg.a(lib_a-svfiscanf.o)
 .rodata.basefix.6493
                0x000000000200d740       0x24 /home/luker/src/mazeman/devkitpro/devkitARM/bin/../lib/gcc/arm-none-eabi/5.3.0/../../../../arm-none-eabi/lib/thumb/libg.a(lib_a-svfiscanf.o)
 .rodata.get_arg
                0x000000000200d764      0x914 /home/luker/src/mazeman/devkitpro/devkitARM/bin/../lib/gcc/arm-none-eabi/5.3.0/../../../../arm-none-eabi/lib/thumb/libg.a(lib_a-vfiprintf.o)
 .rodata._vfiprintf_r
                0x000000000200e078      0x16c /home/luker/src/mazeman/devkitpro/devkitARM/bin/../lib/gcc/arm-none-eabi/5.3.0/../../../../arm-none-eabi/lib/thumb/libg.a(lib_a-vfiprintf.o)
 .rodata.blanks.7113
                0x000000000200e1e4       0x10 /home/luker/src/mazeman/devkitpro/devkitARM/bin/../lib/gcc/arm-none-eabi/5.3.0/../../../../arm-none-eabi/lib/thumb/libg.a(lib_a-vfiprintf.o)
 .rodata.str1.4
                0x000000000200e1f4       0x2f /home/luker/src/mazeman/devkitpro/devkitARM/bin/../lib/gcc/arm-none-eabi/5.3.0/../../../../arm-none-eabi/lib/thumb/libg.a(lib_a-vfiprintf.o)
                                         0x30 (size before relaxing)
 *fill*         0x000000000200e223        0x1 ff
 .rodata.zeroes.7114
                0x000000000200e224       0x10 /home/luker/src/mazeman/devkitpro/devkitARM/bin/../lib/gcc/arm-none-eabi/5.3.0/../../../../arm-none-eabi/lib/thumb/libg.a(lib_a-vfiprintf.o)
 .rodata._ctype_
                0x000000000200e234      0x104 /home/luker/src/mazeman/devkitpro/devkitARM/bin/../lib/gcc/arm-none-eabi/5.3.0/../../../../arm-none-eabi/lib/thumb/libg.a(lib_a-ctype_.o)
                0x000000000200e234                _ctype_
 .rodata.str1.4
                0x000000000200e338        0x2 /home/luker/src/mazeman/devkitpro/devkitARM/bin/../lib/gcc/arm-none-eabi/5.3.0/../../../../arm-none-eabi/lib/thumb/libg.a(lib_a-impure.o)
                                          0x4 (size before relaxing)
 *fill*         0x000000000200e33a        0x2 ff
 .rodata.__jp2uc
                0x000000000200e33c       0x20 /home/luker/src/mazeman/devkitpro/devkitARM/bin/../lib/gcc/arm-none-eabi/5.3.0/../../../../arm-none-eabi/lib/thumb/libg.a(lib_a-jp2uc.o)
 .rodata.a1     0x000000000200e35c       0xbc /home/luker/src/mazeman/devkitpro/devkitARM/bin/../lib/gcc/arm-none-eabi/5.3.0/../../../../arm-none-eabi/lib/thumb/libg.a(lib_a-jp2uc.o)
 .rodata.a2     0x000000000200e418       0xbc /home/luker/src/mazeman/devkitpro/devkitARM/bin/../lib/gcc/arm-none-eabi/5.3.0/../../../../arm-none-eabi/lib/thumb/libg.a(lib_a-jp2uc.o)
 .rodata.a3     0x000000000200e4d4       0x5c /home/luker/src/mazeman/devkitpro/devkitARM/bin/../lib/gcc/arm-none-eabi/5.3.0/../../../../arm-none-eabi/lib/thumb/libg.a(lib_a-jp2uc.o)
 .rodata.a6     0x000000000200e530       0x70 /home/luker/src/mazeman/devkitpro/devkitARM/bin/../lib/gcc/arm-none-eabi/5.3.0/../../../../arm-none-eabi/lib/thumb/libg.a(lib_a-jp2uc.o)
 .rodata.a7     0x000000000200e5a0       0xa4 /home/luker/src/mazeman/devkitpro/devkitARM/bin/../lib/gcc/arm-none-eabi/5.3.0/../../../../arm-none-eabi/lib/thumb/libg.a(lib_a-jp2uc.o)
 .rodata.a8     0x000000000200e644       0x40 /home/luker/src/mazeman/devkitpro/devkitARM/bin/../lib/gcc/arm-none-eabi/5.3.0/../../../../arm-none-eabi/lib/thumb/libg.a(lib_a-jp2uc.o)
 .rodata.str1.4
                0x000000000200e684       0x12 /home/luker/src/mazeman/devkitpro/devkitARM/bin/../lib/gcc/arm-none-eabi/5.3.0/../../../../arm-none-eabi/lib/thumb/libg.a(lib_a-jp2uc.o)
                                         0x14 (size before relaxing)
 *fill*         0x000000000200e696        0x2 ff
 .rodata.b02cf  0x000000000200e698     0x172c /home/luker/src/mazeman/devkitpro/devkitARM/bin/../lib/gcc/arm-none-eabi/5.3.0/../../../../arm-none-eabi/lib/thumb/libg.a(lib_a-jp2uc.o)
 .rodata.d02f4  0x000000000200fdc4     0x1a7c /home/luker/src/mazeman/devkitpro/devkitARM/bin/../lib/gcc/arm-none-eabi/5.3.0/../../../../arm-none-eabi/lib/thumb/libg.a(lib_a-jp2uc.o)
 .rodata.str1.4
                0x0000000002011840      0x112 /home/luker/src/mazeman/devkitpro/devkitARM/bin/../lib/gcc/arm-none-eabi/5.3.0/../../../../arm-none-eabi/lib/thumb/libg.a(lib_a-locale.o)
                                        0x130 (size before relaxing)
 .rodata.str1.4
                0x0000000002011952        0x4 /home/luker/src/mazeman/devkitpro/devkitARM/bin/../lib/gcc/arm-none-eabi/5.3.0/../../../../arm-none-eabi/lib/thumb/libg.a(lib_a-mbrtowc.o)
 *fill*         0x0000000002011952        0x2 ff
 .rodata.__state_table
                0x0000000002011954       0x6c /home/luker/src/mazeman/devkitpro/devkitARM/bin/../lib/gcc/arm-none-eabi/5.3.0/../../../../arm-none-eabi/lib/thumb/libg.a(lib_a-svfiprintf.o)
                0x0000000002011954                __state_table
 .rodata.__chclass
                0x00000000020119c0      0x100 /home/luker/src/mazeman/devkitpro/devkitARM/bin/../lib/gcc/arm-none-eabi/5.3.0/../../../../arm-none-eabi/lib/thumb/libg.a(lib_a-svfiprintf.o)
                0x00000000020119c0                __chclass
 .rodata.__action_table
                0x0000000002011ac0       0x6c /home/luker/src/mazeman/devkitpro/devkitARM/bin/../lib/gcc/arm-none-eabi/5.3.0/../../../../arm-none-eabi/lib/thumb/libg.a(lib_a-svfiprintf.o)
                0x0000000002011ac0                __action_table
 .rodata.str1.4
                0x0000000002011b2c        0x8 /home/luker/src/mazeman/devkitpro/devkitARM/bin/../lib/gcc/arm-none-eabi/5.3.0/../../../../arm-none-eabi/lib/thumb/libsysbase.a(iosupport.o)
 *(.gnu.linkonce.r*)
                0x0000000002011b34                . = ALIGN (0x4)

.ARM.extab
 *(.ARM.extab* .gnu.linkonce.armextab.*)
                0x0000000002011b34                __exidx_start = .

ARM.exidx
 *(.ARM.exidx* .gnu.linkonce.armexidx.*)
                0x0000000002011b34                __exidx_end = .
                0x0000000002011b34                . = ALIGN (0x4)
                0x0000000002011b34                PROVIDE (__preinit_array_start, .)

.preinit_array
 *(.preinit_array)
                0x0000000002011b34                PROVIDE (__preinit_array_end, .)
                0x0000000002011b34                PROVIDE (__init_array_start, .)

.init_array     0x0000000002011b34        0x4
 *(SORT(.init_array.*))
 *(.init_array)
 .init_array    0x0000000002011b34        0x4 /home/luker/src/mazeman/devkitpro/devkitARM/bin/../lib/gcc/arm-none-eabi/5.3.0/thumb/crtbegin.o
                0x0000000002011b38                PROVIDE (__init_array_end, .)
                [!provide]                        PROVIDE (__fini_array_start, .)

.fini_array     0x0000000002011b38        0x4
 *(.fini_array)
 .fini_array    0x0000000002011b38        0x4 /home/luker/src/mazeman/devkitpro/devkitARM/bin/../lib/gcc/arm-none-eabi/5.3.0/thumb/crtbegin.o
 *(SORT(.fini_array.*))
                [!provide]                        PROVIDE (__fini_array_end, .)

.ctors          0x0000000002011b3c        0x0
 *crtbegin.o(.ctors)
 *(EXCLUDE_FILE(*crtend.o) .ctors)
 *(SORT(.ctors.*))
 *(.ctors)
                0x0000000002011b3c                . = ALIGN (0x4)

.dtors          0x0000000002011b3c        0x0
 *crtbegin.o(.dtors)
 *(EXCLUDE_FILE(*crtend.o) .dtors)
 *(SORT(.dtors.*))
 *(.dtors)
                0x0000000002011b3c                . = ALIGN (0x4)

.eh_frame       0x0000000002011b3c       0x48
 *(.eh_frame)
 .eh_frame      0x0000000002011b3c        0x0 /home/luker/src/mazeman/devkitpro/devkitARM/bin/../lib/gcc/arm-none-eabi/5.3.0/thumb/crtbegin.o
 .eh_frame      0x0000000002011b3c       0x44 /home/luker/src/mazeman/devkitpro/devkitARM/bin/../lib/gcc/arm-none-eabi/5.3.0/../../../../arm-none-eabi/lib/thumb/libg.a(lib_a-strcmp.o)
 .eh_frame      0x0000000002011b80        0x4 /home/luker/src/mazeman/devkitpro/devkitARM/bin/../lib/gcc/arm-none-eabi/5.3.0/thumb/crtend.o
                0x0000000002011b84                . = ALIGN (0x4)

.rel.dyn        0x0000000002011b84        0x0
 .rel.iplt      0x0000000002011b84        0x0 /home/luker/src/mazeman/devkitpro/devkitARM/bin/../lib/gcc/arm-none-eabi/5.3.0/../../../../arm-none-eabi/lib/thumb/ds_arm9_crt0.o

.gcc_except_table
                0x0000000002011b84        0x0
 *(.gcc_except_table)
                0x0000000002011b84                . = ALIGN (0x4)

.jcr            0x0000000002011b84        0x4
 *(.jcr)
 .jcr           0x0000000002011b84        0x0 /home/luker/src/mazeman/devkitpro/devkitARM/bin/../lib/gcc/arm-none-eabi/5.3.0/thumb/crtbegin.o
 .jcr           0x0000000002011b84        0x4 /home/luker/src/mazeman/devkitpro/devkitARM/bin/../lib/gcc/arm-none-eabi/5.3.0/thumb/crtend.o

.got
 *(.got.plt)
 *(.got)
 *(.rel.got)

.ewram          0x0000000002011b88        0x0
                0x0000000002011b88                __ewram_start = ABSOLUTE (.)
 *(.ewram)
 *ewram.*(.text)
                0x0000000002011b88                . = ALIGN (0x4)

.data           0x0000000002011b88     0x1a20
                0x0000000002011b88                __data_start = ABSOLUTE (.)
 *(.data)
 .data          0x0000000002011b88       0x64 /home/luker/src/mazeman/devkitpro//libnds/lib/libnds9.a(console.o)
                0x0000000002011b88                currentConsole
                0x0000000002011b8c                defaultConsole
 .data          0x0000000002011bec       0x60 /home/luker/src/mazeman/devkitpro//libnds/lib/libnds9.a(background.o)
                0x0000000002011bec                bgScrollTable
                0x0000000002011c0c                bgTransform
                0x0000000002011c2c                bgControl
 .data          0x0000000002011c4c       0x10 /home/luker/src/mazeman/devkitpro//libnds/lib/libnds9.a(fifosystem.o)
                0x0000000002011c4c                fifo_buffer_free
                0x0000000002011c50                fifo_freewords
                0x0000000002011c54                fifo_send_queue
                0x0000000002011c58                fifo_receive_queue
 .data          0x0000000002011c5c       0x44 /home/luker/src/mazeman/devkitpro/devkitARM/bin/../lib/gcc/arm-none-eabi/5.3.0/../../../../arm-none-eabi/lib/thumb/libsysbase.a(iosupport.o)
                0x0000000002011c60                devoptab_list
 .data          0x0000000002011ca0     0x1028 /home/luker/src/mazeman/devkitpro/devkitARM/bin/../lib/gcc/arm-none-eabi/5.3.0/../../../../arm-none-eabi/lib/thumb/libsysbase.a(handle_manager.o)
 *(.data.*)
 .data.__wctomb
                0x0000000002012cc8        0x4 /home/luker/src/mazeman/devkitpro/devkitARM/bin/../lib/gcc/arm-none-eabi/5.3.0/../../../../arm-none-eabi/lib/thumb/libg.a(lib_a-wctomb_r.o)
                0x0000000002012cc8                __wctomb
 .data.__ctype_ptr__
                0x0000000002012ccc        0x4 /home/luker/src/mazeman/devkitpro/devkitARM/bin/../lib/gcc/arm-none-eabi/5.3.0/../../../../arm-none-eabi/lib/thumb/libg.a(lib_a-ctype_.o)
                0x0000000002012ccc                __ctype_ptr__
 .data.__sfp_lock
                0x0000000002012cd0        0xc /home/luker/src/mazeman/devkitpro/devkitARM/bin/../lib/gcc/arm-none-eabi/5.3.0/../../../../arm-none-eabi/lib/thumb/libg.a(lib_a-findfp.o)
 .data.__sinit_lock
                0x0000000002012cdc        0xc /home/luker/src/mazeman/devkitpro/devkitARM/bin/../lib/gcc/arm-none-eabi/5.3.0/../../../../arm-none-eabi/lib/thumb/libg.a(lib_a-findfp.o)
 .data.impure_data
                0x0000000002012ce8      0x440 /home/luker/src/mazeman/devkitpro/devkitARM/bin/../lib/gcc/arm-none-eabi/5.3.0/../../../../arm-none-eabi/lib/thumb/libg.a(lib_a-impure.o)
 .data._impure_ptr
                0x0000000002013128        0x4 /home/luker/src/mazeman/devkitpro/devkitARM/bin/../lib/gcc/arm-none-eabi/5.3.0/../../../../arm-none-eabi/lib/thumb/libg.a(lib_a-impure.o)
                0x0000000002013128                _impure_ptr
 .data.lconv    0x000000000201312c       0x38 /home/luker/src/mazeman/devkitpro/devkitARM/bin/../lib/gcc/arm-none-eabi/5.3.0/../../../../arm-none-eabi/lib/thumb/libg.a(lib_a-locale.o)
 .data.lc_ctype_charset
                0x0000000002013164       0x20 /home/luker/src/mazeman/devkitpro/devkitARM/bin/../lib/gcc/arm-none-eabi/5.3.0/../../../../arm-none-eabi/lib/thumb/libg.a(lib_a-locale.o)
 .data.__mb_cur_max
                0x0000000002013184        0x4 /home/luker/src/mazeman/devkitpro/devkitARM/bin/../lib/gcc/arm-none-eabi/5.3.0/../../../../arm-none-eabi/lib/thumb/libg.a(lib_a-locale.o)
                0x0000000002013184                __mb_cur_max
 .data.__malloc_av_
                0x0000000002013188      0x408 /home/luker/src/mazeman/devkitpro/devkitARM/bin/../lib/gcc/arm-none-eabi/5.3.0/../../../../arm-none-eabi/lib/thumb/libg.a(lib_a-mallocr.o)
                0x0000000002013188                __malloc_av_
 .data.__malloc_trim_threshold
                0x0000000002013590        0x4 /home/luker/src/mazeman/devkitpro/devkitARM/bin/../lib/gcc/arm-none-eabi/5.3.0/../../../../arm-none-eabi/lib/thumb/libg.a(lib_a-mallocr.o)
                0x0000000002013590                __malloc_trim_threshold
 .data.__malloc_sbrk_base
                0x0000000002013594        0x4 /home/luker/src/mazeman/devkitpro/devkitARM/bin/../lib/gcc/arm-none-eabi/5.3.0/../../../../arm-none-eabi/lib/thumb/libg.a(lib_a-mallocr.o)
                0x0000000002013594                __malloc_sbrk_base
 .data.__mbtowc
                0x0000000002013598        0x4 /home/luker/src/mazeman/devkitpro/devkitARM/bin/../lib/gcc/arm-none-eabi/5.3.0/../../../../arm-none-eabi/lib/thumb/libg.a(lib_a-mbtowc_r.o)
                0x0000000002013598                __mbtowc
 .data.__malloc_lock_object
                0x000000000201359c        0xc /home/luker/src/mazeman/devkitpro/devkitARM/bin/../lib/gcc/arm-none-eabi/5.3.0/../../../../arm-none-eabi/lib/thumb/libg.a(lib_a-mlock.o)
 *(.gnu.linkonce.d*)
                0x00000000020135a8                . = ALIGN (0x4)
                0x00000000020135a8                __data_end = ABSOLUTE (.)
                0x00000000020135a8                __dtcm_lma = .
                0x00000000020135a8                __bss_vma = .

.igot.plt       0x00000000020135a8        0x0
 .igot.plt      0x00000000020135a8        0x0 /home/luker/src/mazeman/devkitpro/devkitARM/bin/../lib/gcc/arm-none-eabi/5.3.0/../../../../arm-none-eabi/lib/thumb/ds_arm9_crt0.o

.tm_clone_table
                0x00000000020135a8        0x0
 .tm_clone_table
                0x00000000020135a8        0x0 /home/luker/src/mazeman/devkitpro/devkitARM/bin/../lib/gcc/arm-none-eabi/5.3.0/thumb/crtbegin.o
 .tm_clone_table
                0x00000000020135a8        0x0 /home/luker/src/mazeman/devkitpro/devkitARM/bin/../lib/gcc/arm-none-eabi/5.3.0/thumb/crtend.o

.dtcm           0x000000000b000000        0x0 load address 0x00000000020135a8
 *(.dtcm)
 *(.dtcm.*)
                0x000000000b000000                . = ALIGN (0x4)
                0x000000000b000000                __dtcm_end = ABSOLUTE (.)
                0x00000000020135a8                __itcm_lma = (__dtcm_lma + SIZEOF (.dtcm))

.itcm           0x0000000001000100      0x194 load address 0x00000000020135a8
 *(.itcm)
 .itcm          0x0000000001000100       0xc8 /home/luker/src/mazeman/devkitpro//libnds/lib/libnds9.a(interrupts.o)
                0x0000000001000100                irqTable
 .itcm          0x00000000010001c8       0xcc /home/luker/src/mazeman/devkitpro//libnds/lib/libnds9.a(interruptDispatcher.o)
                0x00000000010001c8                IntrMain
 *itcm.*(.text)
                0x0000000001000294                . = ALIGN (0x4)
                0x0000000001000294                __itcm_end = ABSOLUTE (.)
                0x000000000201373c                __vectors_lma = (__itcm_lma + SIZEOF (.itcm))

.vectors        0x0000000001000000        0x0 load address 0x000000000201373c
 *(.vectors)
 *vectors.*(.text)
                0x0000000001000000                . = ALIGN (0x4)
                0x0000000001000000                __vectors_end = ABSOLUTE (.)

.sbss           0x000000000b000000        0x0
                0x000000000b000000                __sbss_start = ABSOLUTE (.)
                0x000000000b000000                __sbss_start__ = ABSOLUTE (.)
 *(.sbss)
                0x000000000b000000                . = ALIGN (0x4)
                0x000000000b000000                __sbss_end = ABSOLUTE (.)

.bss            0x00000000020135a8      0xc90
                0x00000000020135a8                __bss_start = ABSOLUTE (.)
                0x00000000020135a8                __bss_start__ = ABSOLUTE (.)
 *(.dynbss)
 *(.gnu.linkonce.b*)
 *(.bss*)
 .bss           0x00000000020135a8       0x1c /home/luker/src/mazeman/devkitpro/devkitARM/bin/../lib/gcc/arm-none-eabi/5.3.0/thumb/crtbegin.o
 .bss           0x00000000020135c4        0x4 main.o
                0x00000000020135c4                frame
 .bss           0x00000000020135c8        0x8 /home/luker/src/mazeman/devkitpro//libnds/lib/libnds9.a(fifosystem.o)
                0x00000000020135cc                processing
 .bss           0x00000000020135d0        0x4 /home/luker/src/mazeman/devkitpro//libnds/lib/libnds9.a(system.o)
 .bss.__malloc_max_total_mem
                0x00000000020135d4        0x4 /home/luker/src/mazeman/devkitpro/devkitARM/bin/../lib/gcc/arm-none-eabi/5.3.0/../../../../arm-none-eabi/lib/thumb/libg.a(lib_a-mallocr.o)
                0x00000000020135d4                __malloc_max_total_mem
 .bss.__malloc_max_sbrked_mem
                0x00000000020135d8        0x4 /home/luker/src/mazeman/devkitpro/devkitARM/bin/../lib/gcc/arm-none-eabi/5.3.0/../../../../arm-none-eabi/lib/thumb/libg.a(lib_a-mallocr.o)
                0x00000000020135d8                __malloc_max_sbrked_mem
 .bss.__malloc_top_pad
                0x00000000020135dc        0x4 /home/luker/src/mazeman/devkitpro/devkitARM/bin/../lib/gcc/arm-none-eabi/5.3.0/../../../../arm-none-eabi/lib/thumb/libg.a(lib_a-mallocr.o)
                0x00000000020135dc                __malloc_top_pad
 .bss.__malloc_current_mallinfo
                0x00000000020135e0       0x28 /home/luker/src/mazeman/devkitpro/devkitARM/bin/../lib/gcc/arm-none-eabi/5.3.0/../../../../arm-none-eabi/lib/thumb/libg.a(lib_a-mallocr.o)
                0x00000000020135e0                __malloc_current_mallinfo
 .bss           0x0000000002013608        0x4 /home/luker/src/mazeman/devkitpro/devkitARM/bin/../lib/gcc/arm-none-eabi/5.3.0/../../../../arm-none-eabi/lib/thumb/libsysbase.a(sbrk.o)
 .bss           0x000000000201360c        0x8 /home/luker/src/mazeman/devkitpro/devkitARM/bin/../lib/gcc/arm-none-eabi/5.3.0/../../../../arm-none-eabi/lib/thumb/libsysbase.a(malloc_vars.o)
                0x000000000201360c                fake_heap_start
                0x0000000002013610                fake_heap_end
 .bss           0x0000000002013614       0x38 /home/luker/src/mazeman/devkitpro/devkitARM/bin/../lib/gcc/arm-none-eabi/5.3.0/../../../../arm-none-eabi/lib/thumb/libsysbase.a(syscall_support.o)
                0x0000000002013614                __syscalls
 *(COMMON)
 COMMON         0x000000000201364c       0x5c /home/luker/src/mazeman/devkitpro//libnds/lib/libnds9.a(console.o)
                0x000000000201364c                currentCopy
 COMMON         0x00000000020136a8      0x148 /home/luker/src/mazeman/devkitpro//libnds/lib/libnds9.a(background.o)
                0x00000000020136a8                bgState
                0x00000000020137e8                bgIsTextLut
 COMMON         0x00000000020137f0        0x1 /home/luker/src/mazeman/devkitpro//libnds/lib/libnds9.a(initSystem.o)
                0x00000000020137f0                __dsimode
 *fill*         0x00000000020137f1        0x3 
 COMMON         0x00000000020137f4      0xa40 /home/luker/src/mazeman/devkitpro//libnds/lib/libnds9.a(fifosystem.o)
                0x00000000020137f4                fifo_datamsg_data
                0x0000000002013834                fifo_buffer
                0x0000000002014034                fifo_value32_func
                0x0000000002014074                fifo_address_func
                0x00000000020140b4                fifo_value32_data
                0x00000000020140f4                fifo_value32_queue
                0x0000000002014134                fifo_data_queue
                0x0000000002014174                fifo_address_data
                0x00000000020141b4                fifo_datamsg_func
                0x00000000020141f4                fifo_address_queue
 COMMON         0x0000000002014234        0x4 /home/luker/src/mazeman/devkitpro//libnds/lib/libnds9.a(timeSupport.o)
                0x0000000002014234                punixTime
                0x0000000002014238                . = ALIGN (0x4)
                0x0000000002014238                __bss_end__ = ABSOLUTE (.)
                0x0000000002014238                __end__ = ABSOLUTE (.)

.stab
 *(.stab)

.stabstr
 *(.stabstr)

.stab.excl
 *(.stab.excl)

.stab.exclstr
 *(.stab.exclstr)

.stab.index
 *(.stab.index)

.stab.indexstr
 *(.stab.indexstr)

.comment        0x0000000000000000       0x44
 *(.comment)
 .comment       0x0000000000000000       0x22 /home/luker/src/mazeman/devkitpro/devkitARM/bin/../lib/gcc/arm-none-eabi/5.3.0/thumb/crtbegin.o
                                         0x23 (size before relaxing)
 .comment       0x0000000000000022       0x23 main.o
 .comment       0x0000000000000022       0x22 /home/luker/src/mazeman/devkitpro//libnds/lib/libnds9.a(console.o)
                                         0x23 (size before relaxing)
 .comment       0x0000000000000044       0x23 /home/luker/src/mazeman/devkitpro//libnds/lib/libnds9.a(touch.o)
 .comment       0x0000000000000044       0x23 /home/luker/src/mazeman/devkitpro//libnds/lib/libnds9.a(background.o)
 .comment       0x0000000000000044       0x23 /home/luker/src/mazeman/devkitpro//libnds/lib/libnds9.a(initSystem.o)
 .comment       0x0000000000000044       0x23 /home/luker/src/mazeman/devkitpro//libnds/lib/libnds9.a(fifosystem.o)
 .comment       0x0000000000000044       0x23 /home/luker/src/mazeman/devkitpro//libnds/lib/libnds9.a(libnds_exit.arm.o)
 .comment       0x0000000000000044       0x23 /home/luker/src/mazeman/devkitpro//libnds/lib/libnds9.a(interrupts.o)
 .comment       0x0000000000000044       0x23 /home/luker/src/mazeman/devkitpro//libnds/lib/libnds9.a(trig.o)
 .comment       0x0000000000000044       0x23 /home/luker/src/mazeman/devkitpro//libnds/lib/libnds9.a(system.o)
 .comment       0x0000000000000044       0x23 /home/luker/src/mazeman/devkitpro//libnds/lib/libnds9.a(video.o)
 .comment       0x0000000000000044       0x23 /home/luker/src/mazeman/devkitpro//libnds/lib/libnds9.a(timeSupport.o)
 .comment       0x0000000000000044       0x23 /home/luker/src/mazeman/devkitpro/devkitARM/bin/../lib/gcc/arm-none-eabi/5.3.0/../../../../arm-none-eabi/lib/thumb/libg.a(lib_a-bsearch.o)
 .comment       0x0000000000000044       0x23 /home/luker/src/mazeman/devkitpro/devkitARM/bin/../lib/gcc/arm-none-eabi/5.3.0/../../../../arm-none-eabi/lib/thumb/libg.a(lib_a-init.o)
 .comment       0x0000000000000044       0x23 /home/luker/src/mazeman/devkitpro/devkitARM/bin/../lib/gcc/arm-none-eabi/5.3.0/../../../../arm-none-eabi/lib/thumb/libg.a(lib_a-iprintf.o)
 .comment       0x0000000000000044       0x23 /home/luker/src/mazeman/devkitpro/devkitARM/bin/../lib/gcc/arm-none-eabi/5.3.0/../../../../arm-none-eabi/lib/thumb/libg.a(lib_a-memcpy.o)
 .comment       0x0000000000000044       0x23 /home/luker/src/mazeman/devkitpro/devkitARM/bin/../lib/gcc/arm-none-eabi/5.3.0/../../../../arm-none-eabi/lib/thumb/libg.a(lib_a-memset.o)
 .comment       0x0000000000000044       0x23 /home/luker/src/mazeman/devkitpro/devkitARM/bin/../lib/gcc/arm-none-eabi/5.3.0/../../../../arm-none-eabi/lib/thumb/libg.a(lib_a-setvbuf.o)
 .comment       0x0000000000000044       0x23 /home/luker/src/mazeman/devkitpro/devkitARM/bin/../lib/gcc/arm-none-eabi/5.3.0/../../../../arm-none-eabi/lib/thumb/libg.a(lib_a-siscanf.o)
 .comment       0x0000000000000044       0x23 /home/luker/src/mazeman/devkitpro/devkitARM/bin/../lib/gcc/arm-none-eabi/5.3.0/../../../../arm-none-eabi/lib/thumb/libg.a(lib_a-stdio.o)
 .comment       0x0000000000000044       0x23 /home/luker/src/mazeman/devkitpro/devkitARM/bin/../lib/gcc/arm-none-eabi/5.3.0/../../../../arm-none-eabi/lib/thumb/libg.a(lib_a-strlen.o)
 .comment       0x0000000000000044       0x23 /home/luker/src/mazeman/devkitpro/devkitARM/bin/../lib/gcc/arm-none-eabi/5.3.0/../../../../arm-none-eabi/lib/thumb/libg.a(lib_a-svfiscanf.o)
 .comment       0x0000000000000044       0x23 /home/luker/src/mazeman/devkitpro/devkitARM/bin/../lib/gcc/arm-none-eabi/5.3.0/../../../../arm-none-eabi/lib/thumb/libg.a(lib_a-ungetc.o)
 .comment       0x0000000000000044       0x23 /home/luker/src/mazeman/devkitpro/devkitARM/bin/../lib/gcc/arm-none-eabi/5.3.0/../../../../arm-none-eabi/lib/thumb/libg.a(lib_a-vfiprintf.o)
 .comment       0x0000000000000044       0x23 /home/luker/src/mazeman/devkitpro/devkitARM/bin/../lib/gcc/arm-none-eabi/5.3.0/../../../../arm-none-eabi/lib/thumb/libg.a(lib_a-wcrtomb.o)
 .comment       0x0000000000000044       0x23 /home/luker/src/mazeman/devkitpro/devkitARM/bin/../lib/gcc/arm-none-eabi/5.3.0/../../../../arm-none-eabi/lib/thumb/libg.a(lib_a-wcsrtombs.o)
 .comment       0x0000000000000044       0x23 /home/luker/src/mazeman/devkitpro/devkitARM/bin/../lib/gcc/arm-none-eabi/5.3.0/../../../../arm-none-eabi/lib/thumb/libg.a(lib_a-wctomb_r.o)
 .comment       0x0000000000000044       0x23 /home/luker/src/mazeman/devkitpro/devkitARM/bin/../lib/gcc/arm-none-eabi/5.3.0/../../../../arm-none-eabi/lib/thumb/libg.a(lib_a-wsetup.o)
 .comment       0x0000000000000044       0x23 /home/luker/src/mazeman/devkitpro/devkitARM/bin/../lib/gcc/arm-none-eabi/5.3.0/../../../../arm-none-eabi/lib/thumb/libg.a(lib_a-ctype_.o)
 .comment       0x0000000000000044       0x23 /home/luker/src/mazeman/devkitpro/devkitARM/bin/../lib/gcc/arm-none-eabi/5.3.0/../../../../arm-none-eabi/lib/thumb/libg.a(lib_a-fflush.o)
 .comment       0x0000000000000044       0x23 /home/luker/src/mazeman/devkitpro/devkitARM/bin/../lib/gcc/arm-none-eabi/5.3.0/../../../../arm-none-eabi/lib/thumb/libg.a(lib_a-findfp.o)
 .comment       0x0000000000000044       0x23 /home/luker/src/mazeman/devkitpro/devkitARM/bin/../lib/gcc/arm-none-eabi/5.3.0/../../../../arm-none-eabi/lib/thumb/libg.a(lib_a-fputwc.o)
 .comment       0x0000000000000044       0x23 /home/luker/src/mazeman/devkitpro/devkitARM/bin/../lib/gcc/arm-none-eabi/5.3.0/../../../../arm-none-eabi/lib/thumb/libg.a(lib_a-freer.o)
 .comment       0x0000000000000044       0x23 /home/luker/src/mazeman/devkitpro/devkitARM/bin/../lib/gcc/arm-none-eabi/5.3.0/../../../../arm-none-eabi/lib/thumb/libg.a(lib_a-fvwrite.o)
 .comment       0x0000000000000044       0x23 /home/luker/src/mazeman/devkitpro/devkitARM/bin/../lib/gcc/arm-none-eabi/5.3.0/../../../../arm-none-eabi/lib/thumb/libg.a(lib_a-fwalk.o)
 .comment       0x0000000000000044       0x23 /home/luker/src/mazeman/devkitpro/devkitARM/bin/../lib/gcc/arm-none-eabi/5.3.0/../../../../arm-none-eabi/lib/thumb/libg.a(lib_a-impure.o)
 .comment       0x0000000000000044       0x23 /home/luker/src/mazeman/devkitpro/devkitARM/bin/../lib/gcc/arm-none-eabi/5.3.0/../../../../arm-none-eabi/lib/thumb/libg.a(lib_a-iswspace.o)
 .comment       0x0000000000000044       0x23 /home/luker/src/mazeman/devkitpro/devkitARM/bin/../lib/gcc/arm-none-eabi/5.3.0/../../../../arm-none-eabi/lib/thumb/libg.a(lib_a-jp2uc.o)
 .comment       0x0000000000000044       0x23 /home/luker/src/mazeman/devkitpro/devkitARM/bin/../lib/gcc/arm-none-eabi/5.3.0/../../../../arm-none-eabi/lib/thumb/libg.a(lib_a-locale.o)
 .comment       0x0000000000000044       0x23 /home/luker/src/mazeman/devkitpro/devkitARM/bin/../lib/gcc/arm-none-eabi/5.3.0/../../../../arm-none-eabi/lib/thumb/libg.a(lib_a-makebuf.o)
 .comment       0x0000000000000044       0x23 /home/luker/src/mazeman/devkitpro/devkitARM/bin/../lib/gcc/arm-none-eabi/5.3.0/../../../../arm-none-eabi/lib/thumb/libg.a(lib_a-malloc.o)
 .comment       0x0000000000000044       0x23 /home/luker/src/mazeman/devkitpro/devkitARM/bin/../lib/gcc/arm-none-eabi/5.3.0/../../../../arm-none-eabi/lib/thumb/libg.a(lib_a-mallocr.o)
 .comment       0x0000000000000044       0x23 /home/luker/src/mazeman/devkitpro/devkitARM/bin/../lib/gcc/arm-none-eabi/5.3.0/../../../../arm-none-eabi/lib/thumb/libg.a(lib_a-mbrtowc.o)
 .comment       0x0000000000000044       0x23 /home/luker/src/mazeman/devkitpro/devkitARM/bin/../lib/gcc/arm-none-eabi/5.3.0/../../../../arm-none-eabi/lib/thumb/libg.a(lib_a-mbtowc_r.o)
 .comment       0x0000000000000044       0x23 /home/luker/src/mazeman/devkitpro/devkitARM/bin/../lib/gcc/arm-none-eabi/5.3.0/../../../../arm-none-eabi/lib/thumb/libg.a(lib_a-memchr.o)
 .comment       0x0000000000000044       0x23 /home/luker/src/mazeman/devkitpro/devkitARM/bin/../lib/gcc/arm-none-eabi/5.3.0/../../../../arm-none-eabi/lib/thumb/libg.a(lib_a-memmove.o)
 .comment       0x0000000000000044       0x23 /home/luker/src/mazeman/devkitpro/devkitARM/bin/../lib/gcc/arm-none-eabi/5.3.0/../../../../arm-none-eabi/lib/thumb/libg.a(lib_a-mlock.o)
 .comment       0x0000000000000044       0x23 /home/luker/src/mazeman/devkitpro/devkitARM/bin/../lib/gcc/arm-none-eabi/5.3.0/../../../../arm-none-eabi/lib/thumb/libg.a(lib_a-reallocr.o)
 .comment       0x0000000000000044       0x23 /home/luker/src/mazeman/devkitpro/devkitARM/bin/../lib/gcc/arm-none-eabi/5.3.0/../../../../arm-none-eabi/lib/thumb/libg.a(lib_a-sccl.o)
 .comment       0x0000000000000044       0x23 /home/luker/src/mazeman/devkitpro/devkitARM/bin/../lib/gcc/arm-none-eabi/5.3.0/../../../../arm-none-eabi/lib/thumb/libg.a(lib_a-strchr.o)
 .comment       0x0000000000000044       0x23 /home/luker/src/mazeman/devkitpro/devkitARM/bin/../lib/gcc/arm-none-eabi/5.3.0/../../../../arm-none-eabi/lib/thumb/libg.a(lib_a-strncmp.o)
 .comment       0x0000000000000044       0x23 /home/luker/src/mazeman/devkitpro/devkitARM/bin/../lib/gcc/arm-none-eabi/5.3.0/../../../../arm-none-eabi/lib/thumb/libg.a(lib_a-strncpy.o)
 .comment       0x0000000000000044       0x23 /home/luker/src/mazeman/devkitpro/devkitARM/bin/../lib/gcc/arm-none-eabi/5.3.0/../../../../arm-none-eabi/lib/thumb/libg.a(lib_a-strtoll_r.o)
 .comment       0x0000000000000044       0x23 /home/luker/src/mazeman/devkitpro/devkitARM/bin/../lib/gcc/arm-none-eabi/5.3.0/../../../../arm-none-eabi/lib/thumb/libg.a(lib_a-strtol.o)
 .comment       0x0000000000000044       0x23 /home/luker/src/mazeman/devkitpro/devkitARM/bin/../lib/gcc/arm-none-eabi/5.3.0/../../../../arm-none-eabi/lib/thumb/libg.a(lib_a-strtoull_r.o)
 .comment       0x0000000000000044       0x23 /home/luker/src/mazeman/devkitpro/devkitARM/bin/../lib/gcc/arm-none-eabi/5.3.0/../../../../arm-none-eabi/lib/thumb/libg.a(lib_a-strtoul.o)
 .comment       0x0000000000000044       0x23 /home/luker/src/mazeman/devkitpro/devkitARM/bin/../lib/gcc/arm-none-eabi/5.3.0/../../../../arm-none-eabi/lib/thumb/libg.a(lib_a-svfiprintf.o)
 .comment       0x0000000000000044       0x23 /home/luker/src/mazeman/devkitpro/devkitARM/bin/../lib/gcc/arm-none-eabi/5.3.0/../../../../arm-none-eabi/lib/thumb/libg.a(lib_a-wbuf.o)
 .comment       0x0000000000000044       0x23 /home/luker/src/mazeman/devkitpro/devkitARM/bin/../lib/gcc/arm-none-eabi/5.3.0/../../../../arm-none-eabi/lib/thumb/libg.a(lib_a-wcsnrtombs.o)
 .comment       0x0000000000000044       0x23 /home/luker/src/mazeman/devkitpro/devkitARM/bin/../lib/gcc/arm-none-eabi/5.3.0/../../../../arm-none-eabi/lib/thumb/libg.a(lib_a-fclose.o)
 .comment       0x0000000000000044       0x23 /home/luker/src/mazeman/devkitpro/devkitARM/bin/../lib/gcc/arm-none-eabi/5.3.0/../../../../arm-none-eabi/lib/thumb/libsysbase.a(iosupport.o)
 .comment       0x0000000000000044       0x23 /home/luker/src/mazeman/devkitpro/devkitARM/bin/../lib/gcc/arm-none-eabi/5.3.0/../../../../arm-none-eabi/lib/thumb/libsysbase.a(close.o)
 .comment       0x0000000000000044       0x23 /home/luker/src/mazeman/devkitpro/devkitARM/bin/../lib/gcc/arm-none-eabi/5.3.0/../../../../arm-none-eabi/lib/thumb/libsysbase.a(fstat.o)
 .comment       0x0000000000000044       0x23 /home/luker/src/mazeman/devkitpro/devkitARM/bin/../lib/gcc/arm-none-eabi/5.3.0/../../../../arm-none-eabi/lib/thumb/libsysbase.a(isatty.o)
 .comment       0x0000000000000044       0x23 /home/luker/src/mazeman/devkitpro/devkitARM/bin/../lib/gcc/arm-none-eabi/5.3.0/../../../../arm-none-eabi/lib/thumb/libsysbase.a(lseek.o)
 .comment       0x0000000000000044       0x23 /home/luker/src/mazeman/devkitpro/devkitARM/bin/../lib/gcc/arm-none-eabi/5.3.0/../../../../arm-none-eabi/lib/thumb/libsysbase.a(read.o)
 .comment       0x0000000000000044       0x23 /home/luker/src/mazeman/devkitpro/devkitARM/bin/../lib/gcc/arm-none-eabi/5.3.0/../../../../arm-none-eabi/lib/thumb/libsysbase.a(sbrk.o)
 .comment       0x0000000000000044       0x23 /home/luker/src/mazeman/devkitpro/devkitARM/bin/../lib/gcc/arm-none-eabi/5.3.0/../../../../arm-none-eabi/lib/thumb/libsysbase.a(write.o)
 .comment       0x0000000000000044       0x23 /home/luker/src/mazeman/devkitpro/devkitARM/bin/../lib/gcc/arm-none-eabi/5.3.0/../../../../arm-none-eabi/lib/thumb/libsysbase.a(malloc_vars.o)
 .comment       0x0000000000000044       0x23 /home/luker/src/mazeman/devkitpro/devkitARM/bin/../lib/gcc/arm-none-eabi/5.3.0/../../../../arm-none-eabi/lib/thumb/libsysbase.a(build_argv.o)
 .comment       0x0000000000000044       0x23 /home/luker/src/mazeman/devkitpro/devkitARM/bin/../lib/gcc/arm-none-eabi/5.3.0/../../../../arm-none-eabi/lib/thumb/libsysbase.a(flock.o)
 .comment       0x0000000000000044       0x23 /home/luker/src/mazeman/devkitpro/devkitARM/bin/../lib/gcc/arm-none-eabi/5.3.0/../../../../arm-none-eabi/lib/thumb/libsysbase.a(syscall_support.o)
 .comment       0x0000000000000044       0x23 /home/luker/src/mazeman/devkitpro/devkitARM/bin/../lib/gcc/arm-none-eabi/5.3.0/../../../../arm-none-eabi/lib/thumb/libsysbase.a(handle_manager.o)
 .comment       0x0000000000000044       0x23 /home/luker/src/mazeman/devkitpro/devkitARM/bin/../lib/gcc/arm-none-eabi/5.3.0/../../../../arm-none-eabi/lib/thumb/libsysbase.a(getreent.o)
 .comment       0x0000000000000044       0x23 /home/luker/src/mazeman/devkitpro/devkitARM/bin/../lib/gcc/arm-none-eabi/5.3.0/thumb/libgcc.a(_muldi3.o)
 .comment       0x0000000000000044       0x23 /home/luker/src/mazeman/devkitpro/devkitARM/bin/../lib/gcc/arm-none-eabi/5.3.0/thumb/libgcc.a(_udivmoddi4.o)
 .comment       0x0000000000000044       0x23 /home/luker/src/mazeman/devkitpro/devkitARM/bin/../lib/gcc/arm-none-eabi/5.3.0/../../../../arm-none-eabi/lib/thumb/libg.a(lib_a-errno.o)
 .comment       0x0000000000000044       0x23 /home/luker/src/mazeman/devkitpro/devkitARM/bin/../lib/gcc/arm-none-eabi/5.3.0/thumb/crtend.o

.ARM.attributes
                0x0000000000000000       0x2d
 .ARM.attributes
                0x0000000000000000       0x21 /home/luker/src/mazeman/devkitpro/devkitARM/bin/../lib/gcc/arm-none-eabi/5.3.0/../../../../arm-none-eabi/lib/thumb/ds_arm9_crt0.o
 .ARM.attributes
                0x0000000000000021       0x16 /home/luker/src/mazeman/devkitpro/devkitARM/bin/../lib/gcc/arm-none-eabi/5.3.0/thumb/crti.o
 .ARM.attributes
                0x0000000000000037       0x30 /home/luker/src/mazeman/devkitpro/devkitARM/bin/../lib/gcc/arm-none-eabi/5.3.0/thumb/crtbegin.o
 .ARM.attributes
                0x0000000000000067       0x27 main.o
 .ARM.attributes
                0x000000000000008e       0x27 /home/luker/src/mazeman/devkitpro//libnds/lib/libnds9.a(console.o)
 .ARM.attributes
                0x00000000000000b5       0x27 /home/luker/src/mazeman/devkitpro//libnds/lib/libnds9.a(touch.o)
 .ARM.attributes
                0x00000000000000dc       0x27 /home/luker/src/mazeman/devkitpro//libnds/lib/libnds9.a(background.o)
 .ARM.attributes
                0x0000000000000103       0x27 /home/luker/src/mazeman/devkitpro//libnds/lib/libnds9.a(initSystem.o)
 .ARM.attributes
                0x000000000000012a       0x27 /home/luker/src/mazeman/devkitpro//libnds/lib/libnds9.a(fifosystem.o)
 .ARM.attributes
                0x0000000000000151       0x27 /home/luker/src/mazeman/devkitpro//libnds/lib/libnds9.a(libnds_exit.arm.o)
 .ARM.attributes
                0x0000000000000178       0x27 /home/luker/src/mazeman/devkitpro//libnds/lib/libnds9.a(interrupts.o)
 .ARM.attributes
                0x000000000000019f       0x21 /home/luker/src/mazeman/devkitpro//libnds/lib/libnds9.a(IntrWait.o)
 .ARM.attributes
                0x00000000000001c0       0x21 /home/luker/src/mazeman/devkitpro//libnds/lib/libnds9.a(mpu_setup.o)
 .ARM.attributes
                0x00000000000001e1       0x21 /home/luker/src/mazeman/devkitpro//libnds/lib/libnds9.a(swiSoftReset.o)
 .ARM.attributes
                0x0000000000000202       0x1b /home/luker/src/mazeman/devkitpro//libnds/lib/libnds9.a(debugprint.o)
 .ARM.attributes
                0x000000000000021d       0x1b /home/luker/src/mazeman/devkitpro//libnds/lib/libnds9.a(biosCalls.o)
 .ARM.attributes
                0x0000000000000238       0x1b /home/luker/src/mazeman/devkitpro//libnds/lib/libnds9.a(interruptDispatcher.o)
 .ARM.attributes
                0x0000000000000253       0x14 /home/luker/src/mazeman/devkitpro//libnds/lib/libnds9.a(default_font.bin.o)
 .ARM.attributes
                0x0000000000000267       0x27 /home/luker/src/mazeman/devkitpro//libnds/lib/libnds9.a(trig.o)
 .ARM.attributes
                0x000000000000028e       0x27 /home/luker/src/mazeman/devkitpro//libnds/lib/libnds9.a(system.o)
 .ARM.attributes
                0x00000000000002b5       0x27 /home/luker/src/mazeman/devkitpro//libnds/lib/libnds9.a(video.o)
 .ARM.attributes
                0x00000000000002dc       0x27 /home/luker/src/mazeman/devkitpro//libnds/lib/libnds9.a(timeSupport.o)
 .ARM.attributes
                0x0000000000000303       0x18 /home/luker/src/mazeman/devkitpro/devkitARM/bin/../lib/gcc/arm-none-eabi/5.3.0/thumb/libgcc.a(_divsi3.o)
 .ARM.attributes
                0x000000000000031b       0x16 /home/luker/src/mazeman/devkitpro/devkitARM/bin/../lib/gcc/arm-none-eabi/5.3.0/thumb/libgcc.a(_dvmd_tls.o)
 .ARM.attributes
                0x0000000000000331       0x30 /home/luker/src/mazeman/devkitpro/devkitARM/bin/../lib/gcc/arm-none-eabi/5.3.0/../../../../arm-none-eabi/lib/thumb/libg.a(lib_a-bsearch.o)
 .ARM.attributes
                0x0000000000000361       0x30 /home/luker/src/mazeman/devkitpro/devkitARM/bin/../lib/gcc/arm-none-eabi/5.3.0/../../../../arm-none-eabi/lib/thumb/libg.a(lib_a-init.o)
 .ARM.attributes
                0x0000000000000391       0x30 /home/luker/src/mazeman/devkitpro/devkitARM/bin/../lib/gcc/arm-none-eabi/5.3.0/../../../../arm-none-eabi/lib/thumb/libg.a(lib_a-iprintf.o)
 .ARM.attributes
                0x00000000000003c1       0x30 /home/luker/src/mazeman/devkitpro/devkitARM/bin/../lib/gcc/arm-none-eabi/5.3.0/../../../../arm-none-eabi/lib/thumb/libg.a(lib_a-memcpy.o)
 .ARM.attributes
                0x00000000000003f1       0x30 /home/luker/src/mazeman/devkitpro/devkitARM/bin/../lib/gcc/arm-none-eabi/5.3.0/../../../../arm-none-eabi/lib/thumb/libg.a(lib_a-memset.o)
 .ARM.attributes
                0x0000000000000421       0x30 /home/luker/src/mazeman/devkitpro/devkitARM/bin/../lib/gcc/arm-none-eabi/5.3.0/../../../../arm-none-eabi/lib/thumb/libg.a(lib_a-setvbuf.o)
 .ARM.attributes
                0x0000000000000451       0x30 /home/luker/src/mazeman/devkitpro/devkitARM/bin/../lib/gcc/arm-none-eabi/5.3.0/../../../../arm-none-eabi/lib/thumb/libg.a(lib_a-siscanf.o)
 .ARM.attributes
                0x0000000000000481       0x30 /home/luker/src/mazeman/devkitpro/devkitARM/bin/../lib/gcc/arm-none-eabi/5.3.0/../../../../arm-none-eabi/lib/thumb/libg.a(lib_a-stdio.o)
 .ARM.attributes
                0x00000000000004b1       0x30 /home/luker/src/mazeman/devkitpro/devkitARM/bin/../lib/gcc/arm-none-eabi/5.3.0/../../../../arm-none-eabi/lib/thumb/libg.a(lib_a-strlen.o)
 .ARM.attributes
                0x00000000000004e1       0x30 /home/luker/src/mazeman/devkitpro/devkitARM/bin/../lib/gcc/arm-none-eabi/5.3.0/../../../../arm-none-eabi/lib/thumb/libg.a(lib_a-svfiscanf.o)
 .ARM.attributes
                0x0000000000000511       0x30 /home/luker/src/mazeman/devkitpro/devkitARM/bin/../lib/gcc/arm-none-eabi/5.3.0/../../../../arm-none-eabi/lib/thumb/libg.a(lib_a-ungetc.o)
 .ARM.attributes
                0x0000000000000541       0x30 /home/luker/src/mazeman/devkitpro/devkitARM/bin/../lib/gcc/arm-none-eabi/5.3.0/../../../../arm-none-eabi/lib/thumb/libg.a(lib_a-vfiprintf.o)
 .ARM.attributes
                0x0000000000000571       0x30 /home/luker/src/mazeman/devkitpro/devkitARM/bin/../lib/gcc/arm-none-eabi/5.3.0/../../../../arm-none-eabi/lib/thumb/libg.a(lib_a-wcrtomb.o)
 .ARM.attributes
                0x00000000000005a1       0x30 /home/luker/src/mazeman/devkitpro/devkitARM/bin/../lib/gcc/arm-none-eabi/5.3.0/../../../../arm-none-eabi/lib/thumb/libg.a(lib_a-wcsrtombs.o)
 .ARM.attributes
                0x00000000000005d1       0x30 /home/luker/src/mazeman/devkitpro/devkitARM/bin/../lib/gcc/arm-none-eabi/5.3.0/../../../../arm-none-eabi/lib/thumb/libg.a(lib_a-wctomb_r.o)
 .ARM.attributes
                0x0000000000000601       0x30 /home/luker/src/mazeman/devkitpro/devkitARM/bin/../lib/gcc/arm-none-eabi/5.3.0/../../../../arm-none-eabi/lib/thumb/libg.a(lib_a-wsetup.o)
 .ARM.attributes
                0x0000000000000631       0x30 /home/luker/src/mazeman/devkitpro/devkitARM/bin/../lib/gcc/arm-none-eabi/5.3.0/../../../../arm-none-eabi/lib/thumb/libg.a(lib_a-ctype_.o)
 .ARM.attributes
                0x0000000000000661       0x30 /home/luker/src/mazeman/devkitpro/devkitARM/bin/../lib/gcc/arm-none-eabi/5.3.0/../../../../arm-none-eabi/lib/thumb/libg.a(lib_a-fflush.o)
 .ARM.attributes
                0x0000000000000691       0x30 /home/luker/src/mazeman/devkitpro/devkitARM/bin/../lib/gcc/arm-none-eabi/5.3.0/../../../../arm-none-eabi/lib/thumb/libg.a(lib_a-findfp.o)
 .ARM.attributes
                0x00000000000006c1       0x30 /home/luker/src/mazeman/devkitpro/devkitARM/bin/../lib/gcc/arm-none-eabi/5.3.0/../../../../arm-none-eabi/lib/thumb/libg.a(lib_a-fputwc.o)
 .ARM.attributes
                0x00000000000006f1       0x30 /home/luker/src/mazeman/devkitpro/devkitARM/bin/../lib/gcc/arm-none-eabi/5.3.0/../../../../arm-none-eabi/lib/thumb/libg.a(lib_a-freer.o)
 .ARM.attributes
                0x0000000000000721       0x30 /home/luker/src/mazeman/devkitpro/devkitARM/bin/../lib/gcc/arm-none-eabi/5.3.0/../../../../arm-none-eabi/lib/thumb/libg.a(lib_a-fvwrite.o)
 .ARM.attributes
                0x0000000000000751       0x30 /home/luker/src/mazeman/devkitpro/devkitARM/bin/../lib/gcc/arm-none-eabi/5.3.0/../../../../arm-none-eabi/lib/thumb/libg.a(lib_a-fwalk.o)
 .ARM.attributes
                0x0000000000000781       0x30 /home/luker/src/mazeman/devkitpro/devkitARM/bin/../lib/gcc/arm-none-eabi/5.3.0/../../../../arm-none-eabi/lib/thumb/libg.a(lib_a-impure.o)
 .ARM.attributes
                0x00000000000007b1       0x30 /home/luker/src/mazeman/devkitpro/devkitARM/bin/../lib/gcc/arm-none-eabi/5.3.0/../../../../arm-none-eabi/lib/thumb/libg.a(lib_a-iswspace.o)
 .ARM.attributes
                0x00000000000007e1       0x30 /home/luker/src/mazeman/devkitpro/devkitARM/bin/../lib/gcc/arm-none-eabi/5.3.0/../../../../arm-none-eabi/lib/thumb/libg.a(lib_a-jp2uc.o)
 .ARM.attributes
                0x0000000000000811       0x30 /home/luker/src/mazeman/devkitpro/devkitARM/bin/../lib/gcc/arm-none-eabi/5.3.0/../../../../arm-none-eabi/lib/thumb/libg.a(lib_a-locale.o)
 .ARM.attributes
                0x0000000000000841       0x30 /home/luker/src/mazeman/devkitpro/devkitARM/bin/../lib/gcc/arm-none-eabi/5.3.0/../../../../arm-none-eabi/lib/thumb/libg.a(lib_a-makebuf.o)
 .ARM.attributes
                0x0000000000000871       0x30 /home/luker/src/mazeman/devkitpro/devkitARM/bin/../lib/gcc/arm-none-eabi/5.3.0/../../../../arm-none-eabi/lib/thumb/libg.a(lib_a-malloc.o)
 .ARM.attributes
                0x00000000000008a1       0x30 /home/luker/src/mazeman/devkitpro/devkitARM/bin/../lib/gcc/arm-none-eabi/5.3.0/../../../../arm-none-eabi/lib/thumb/libg.a(lib_a-mallocr.o)
 .ARM.attributes
                0x00000000000008d1       0x30 /home/luker/src/mazeman/devkitpro/devkitARM/bin/../lib/gcc/arm-none-eabi/5.3.0/../../../../arm-none-eabi/lib/thumb/libg.a(lib_a-mbrtowc.o)
 .ARM.attributes
                0x0000000000000901       0x30 /home/luker/src/mazeman/devkitpro/devkitARM/bin/../lib/gcc/arm-none-eabi/5.3.0/../../../../arm-none-eabi/lib/thumb/libg.a(lib_a-mbtowc_r.o)
 .ARM.attributes
                0x0000000000000931       0x30 /home/luker/src/mazeman/devkitpro/devkitARM/bin/../lib/gcc/arm-none-eabi/5.3.0/../../../../arm-none-eabi/lib/thumb/libg.a(lib_a-memchr.o)
 .ARM.attributes
                0x0000000000000961       0x30 /home/luker/src/mazeman/devkitpro/devkitARM/bin/../lib/gcc/arm-none-eabi/5.3.0/../../../../arm-none-eabi/lib/thumb/libg.a(lib_a-memmove.o)
 .ARM.attributes
                0x0000000000000991       0x30 /home/luker/src/mazeman/devkitpro/devkitARM/bin/../lib/gcc/arm-none-eabi/5.3.0/../../../../arm-none-eabi/lib/thumb/libg.a(lib_a-mlock.o)
 .ARM.attributes
                0x00000000000009c1       0x30 /home/luker/src/mazeman/devkitpro/devkitARM/bin/../lib/gcc/arm-none-eabi/5.3.0/../../../../arm-none-eabi/lib/thumb/libg.a(lib_a-reallocr.o)
 .ARM.attributes
                0x00000000000009f1       0x30 /home/luker/src/mazeman/devkitpro/devkitARM/bin/../lib/gcc/arm-none-eabi/5.3.0/../../../../arm-none-eabi/lib/thumb/libg.a(lib_a-sccl.o)
 .ARM.attributes
                0x0000000000000a21       0x30 /home/luker/src/mazeman/devkitpro/devkitARM/bin/../lib/gcc/arm-none-eabi/5.3.0/../../../../arm-none-eabi/lib/thumb/libg.a(lib_a-strchr.o)
 .ARM.attributes
                0x0000000000000a51       0x16 /home/luker/src/mazeman/devkitpro/devkitARM/bin/../lib/gcc/arm-none-eabi/5.3.0/../../../../arm-none-eabi/lib/thumb/libg.a(lib_a-strcmp.o)
 .ARM.attributes
                0x0000000000000a67       0x30 /home/luker/src/mazeman/devkitpro/devkitARM/bin/../lib/gcc/arm-none-eabi/5.3.0/../../../../arm-none-eabi/lib/thumb/libg.a(lib_a-strncmp.o)
 .ARM.attributes
                0x0000000000000a97       0x30 /home/luker/src/mazeman/devkitpro/devkitARM/bin/../lib/gcc/arm-none-eabi/5.3.0/../../../../arm-none-eabi/lib/thumb/libg.a(lib_a-strncpy.o)
 .ARM.attributes
                0x0000000000000ac7       0x30 /home/luker/src/mazeman/devkitpro/devkitARM/bin/../lib/gcc/arm-none-eabi/5.3.0/../../../../arm-none-eabi/lib/thumb/libg.a(lib_a-strtoll_r.o)
 .ARM.attributes
                0x0000000000000af7       0x30 /home/luker/src/mazeman/devkitpro/devkitARM/bin/../lib/gcc/arm-none-eabi/5.3.0/../../../../arm-none-eabi/lib/thumb/libg.a(lib_a-strtol.o)
 .ARM.attributes
                0x0000000000000b27       0x30 /home/luker/src/mazeman/devkitpro/devkitARM/bin/../lib/gcc/arm-none-eabi/5.3.0/../../../../arm-none-eabi/lib/thumb/libg.a(lib_a-strtoull_r.o)
 .ARM.attributes
                0x0000000000000b57       0x30 /home/luker/src/mazeman/devkitpro/devkitARM/bin/../lib/gcc/arm-none-eabi/5.3.0/../../../../arm-none-eabi/lib/thumb/libg.a(lib_a-strtoul.o)
 .ARM.attributes
                0x0000000000000b87       0x30 /home/luker/src/mazeman/devkitpro/devkitARM/bin/../lib/gcc/arm-none-eabi/5.3.0/../../../../arm-none-eabi/lib/thumb/libg.a(lib_a-svfiprintf.o)
 .ARM.attributes
                0x0000000000000bb7       0x30 /home/luker/src/mazeman/devkitpro/devkitARM/bin/../lib/gcc/arm-none-eabi/5.3.0/../../../../arm-none-eabi/lib/thumb/libg.a(lib_a-wbuf.o)
 .ARM.attributes
                0x0000000000000be7       0x30 /home/luker/src/mazeman/devkitpro/devkitARM/bin/../lib/gcc/arm-none-eabi/5.3.0/../../../../arm-none-eabi/lib/thumb/libg.a(lib_a-wcsnrtombs.o)
 .ARM.attributes
                0x0000000000000c17       0x30 /home/luker/src/mazeman/devkitpro/devkitARM/bin/../lib/gcc/arm-none-eabi/5.3.0/../../../../arm-none-eabi/lib/thumb/libg.a(lib_a-fclose.o)
 .ARM.attributes
                0x0000000000000c47       0x30 /home/luker/src/mazeman/devkitpro/devkitARM/bin/../lib/gcc/arm-none-eabi/5.3.0/../../../../arm-none-eabi/lib/thumb/libsysbase.a(iosupport.o)
 .ARM.attributes
                0x0000000000000c77       0x30 /home/luker/src/mazeman/devkitpro/devkitARM/bin/../lib/gcc/arm-none-eabi/5.3.0/../../../../arm-none-eabi/lib/thumb/libsysbase.a(close.o)
 .ARM.attributes
                0x0000000000000ca7       0x30 /home/luker/src/mazeman/devkitpro/devkitARM/bin/../lib/gcc/arm-none-eabi/5.3.0/../../../../arm-none-eabi/lib/thumb/libsysbase.a(fstat.o)
 .ARM.attributes
                0x0000000000000cd7       0x30 /home/luker/src/mazeman/devkitpro/devkitARM/bin/../lib/gcc/arm-none-eabi/5.3.0/../../../../arm-none-eabi/lib/thumb/libsysbase.a(isatty.o)
 .ARM.attributes
                0x0000000000000d07       0x30 /home/luker/src/mazeman/devkitpro/devkitARM/bin/../lib/gcc/arm-none-eabi/5.3.0/../../../../arm-none-eabi/lib/thumb/libsysbase.a(lseek.o)
 .ARM.attributes
                0x0000000000000d37       0x30 /home/luker/src/mazeman/devkitpro/devkitARM/bin/../lib/gcc/arm-none-eabi/5.3.0/../../../../arm-none-eabi/lib/thumb/libsysbase.a(read.o)
 .ARM.attributes
                0x0000000000000d67       0x30 /home/luker/src/mazeman/devkitpro/devkitARM/bin/../lib/gcc/arm-none-eabi/5.3.0/../../../../arm-none-eabi/lib/thumb/libsysbase.a(sbrk.o)
 .ARM.attributes
                0x0000000000000d97       0x30 /home/luker/src/mazeman/devkitpro/devkitARM/bin/../lib/gcc/arm-none-eabi/5.3.0/../../../../arm-none-eabi/lib/thumb/libsysbase.a(write.o)
 .ARM.attributes
                0x0000000000000dc7       0x30 /home/luker/src/mazeman/devkitpro/devkitARM/bin/../lib/gcc/arm-none-eabi/5.3.0/../../../../arm-none-eabi/lib/thumb/libsysbase.a(malloc_vars.o)
 .ARM.attributes
                0x0000000000000df7       0x30 /home/luker/src/mazeman/devkitpro/devkitARM/bin/../lib/gcc/arm-none-eabi/5.3.0/../../../../arm-none-eabi/lib/thumb/libsysbase.a(build_argv.o)
 .ARM.attributes
                0x0000000000000e27       0x30 /home/luker/src/mazeman/devkitpro/devkitARM/bin/../lib/gcc/arm-none-eabi/5.3.0/../../../../arm-none-eabi/lib/thumb/libsysbase.a(flock.o)
 .ARM.attributes
                0x0000000000000e57       0x30 /home/luker/src/mazeman/devkitpro/devkitARM/bin/../lib/gcc/arm-none-eabi/5.3.0/../../../../arm-none-eabi/lib/thumb/libsysbase.a(syscall_support.o)
 .ARM.attributes
                0x0000000000000e87       0x30 /home/luker/src/mazeman/devkitpro/devkitARM/bin/../lib/gcc/arm-none-eabi/5.3.0/../../../../arm-none-eabi/lib/thumb/libsysbase.a(handle_manager.o)
 .ARM.attributes
                0x0000000000000eb7       0x30 /home/luker/src/mazeman/devkitpro/devkitARM/bin/../lib/gcc/arm-none-eabi/5.3.0/../../../../arm-none-eabi/lib/thumb/libsysbase.a(getreent.o)
 .ARM.attributes
                0x0000000000000ee7       0x18 /home/luker/src/mazeman/devkitpro/devkitARM/bin/../lib/gcc/arm-none-eabi/5.3.0/thumb/libgcc.a(_udivsi3.o)
 .ARM.attributes
                0x0000000000000eff       0x18 /home/luker/src/mazeman/devkitpro/devkitARM/bin/../lib/gcc/arm-none-eabi/5.3.0/thumb/libgcc.a(_aeabi_uldivmod.o)
 .ARM.attributes
                0x0000000000000f17       0x30 /home/luker/src/mazeman/devkitpro/devkitARM/bin/../lib/gcc/arm-none-eabi/5.3.0/thumb/libgcc.a(_muldi3.o)
 .ARM.attributes
                0x0000000000000f47       0x30 /home/luker/src/mazeman/devkitpro/devkitARM/bin/../lib/gcc/arm-none-eabi/5.3.0/thumb/libgcc.a(_udivmoddi4.o)
 .ARM.attributes
                0x0000000000000f77       0x18 /home/luker/src/mazeman/devkitpro/devkitARM/bin/../lib/gcc/arm-none-eabi/5.3.0/thumb/libgcc.a(_clzdi2.o)
 .ARM.attributes
                0x0000000000000f8f       0x18 /home/luker/src/mazeman/devkitpro/devkitARM/bin/../lib/gcc/arm-none-eabi/5.3.0/thumb/libgcc.a(_clzsi2.o)
 .ARM.attributes
                0x0000000000000fa7       0x30 /home/luker/src/mazeman/devkitpro/devkitARM/bin/../lib/gcc/arm-none-eabi/5.3.0/../../../../arm-none-eabi/lib/thumb/libg.a(lib_a-errno.o)
 .ARM.attributes
                0x0000000000000fd7       0x30 /home/luker/src/mazeman/devkitpro/devkitARM/bin/../lib/gcc/arm-none-eabi/5.3.0/thumb/crtend.o
 .ARM.attributes
                0x0000000000001007       0x16 /home/luker/src/mazeman/devkitpro/devkitARM/bin/../lib/gcc/arm-none-eabi/5.3.0/thumb/crtn.o

.debug
 *(.debug)

.line
 *(.line)

.debug_srcinfo
 *(.debug_srcinfo)

.debug_sfnames
 *(.debug_sfnames)

.debug_aranges  0x0000000000000000      0x248
 *(.debug_aranges)
 .debug_aranges
                0x0000000000000000       0x28 main.o
 .debug_aranges
                0x0000000000000028       0x20 /home/luker/src/mazeman/devkitpro//libnds/lib/libnds9.a(console.o)
 .debug_aranges
                0x0000000000000048       0x20 /home/luker/src/mazeman/devkitpro//libnds/lib/libnds9.a(touch.o)
 .debug_aranges
                0x0000000000000068       0x20 /home/luker/src/mazeman/devkitpro//libnds/lib/libnds9.a(background.o)
 .debug_aranges
                0x0000000000000088       0x20 /home/luker/src/mazeman/devkitpro//libnds/lib/libnds9.a(initSystem.o)
 .debug_aranges
                0x00000000000000a8       0x20 /home/luker/src/mazeman/devkitpro//libnds/lib/libnds9.a(fifosystem.o)
 .debug_aranges
                0x00000000000000c8       0x20 /home/luker/src/mazeman/devkitpro//libnds/lib/libnds9.a(libnds_exit.arm.o)
 .debug_aranges
                0x00000000000000e8       0x20 /home/luker/src/mazeman/devkitpro//libnds/lib/libnds9.a(interrupts.o)
 .debug_aranges
                0x0000000000000108       0x20 /home/luker/src/mazeman/devkitpro//libnds/lib/libnds9.a(IntrWait.o)
 .debug_aranges
                0x0000000000000128       0x20 /home/luker/src/mazeman/devkitpro//libnds/lib/libnds9.a(mpu_setup.o)
 .debug_aranges
                0x0000000000000148       0x20 /home/luker/src/mazeman/devkitpro//libnds/lib/libnds9.a(swiSoftReset.o)
 .debug_aranges
                0x0000000000000168       0x20 /home/luker/src/mazeman/devkitpro//libnds/lib/libnds9.a(debugprint.o)
 .debug_aranges
                0x0000000000000188       0x20 /home/luker/src/mazeman/devkitpro//libnds/lib/libnds9.a(biosCalls.o)
 .debug_aranges
                0x00000000000001a8       0x20 /home/luker/src/mazeman/devkitpro//libnds/lib/libnds9.a(interruptDispatcher.o)
 .debug_aranges
                0x00000000000001c8       0x20 /home/luker/src/mazeman/devkitpro//libnds/lib/libnds9.a(trig.o)
 .debug_aranges
                0x00000000000001e8       0x20 /home/luker/src/mazeman/devkitpro//libnds/lib/libnds9.a(system.o)
 .debug_aranges
                0x0000000000000208       0x20 /home/luker/src/mazeman/devkitpro//libnds/lib/libnds9.a(video.o)
 .debug_aranges
                0x0000000000000228       0x20 /home/luker/src/mazeman/devkitpro//libnds/lib/libnds9.a(timeSupport.o)

.debug_pubnames
 *(.debug_pubnames)

.debug_info     0x0000000000000000     0x877e
 *(.debug_info)
 .debug_info    0x0000000000000000      0xc8c main.o
 .debug_info    0x0000000000000c8c     0x223d /home/luker/src/mazeman/devkitpro//libnds/lib/libnds9.a(console.o)
 .debug_info    0x0000000000002ec9      0x305 /home/luker/src/mazeman/devkitpro//libnds/lib/libnds9.a(touch.o)
 .debug_info    0x00000000000031ce      0xa19 /home/luker/src/mazeman/devkitpro//libnds/lib/libnds9.a(background.o)
 .debug_info    0x0000000000003be7     0x10b3 /home/luker/src/mazeman/devkitpro//libnds/lib/libnds9.a(initSystem.o)
 .debug_info    0x0000000000004c9a     0x1647 /home/luker/src/mazeman/devkitpro//libnds/lib/libnds9.a(fifosystem.o)
 .debug_info    0x00000000000062e1      0x337 /home/luker/src/mazeman/devkitpro//libnds/lib/libnds9.a(libnds_exit.arm.o)
 .debug_info    0x0000000000006618      0x5d8 /home/luker/src/mazeman/devkitpro//libnds/lib/libnds9.a(interrupts.o)
 .debug_info    0x0000000000006bf0       0xd1 /home/luker/src/mazeman/devkitpro//libnds/lib/libnds9.a(IntrWait.o)
 .debug_info    0x0000000000006cc1       0xd2 /home/luker/src/mazeman/devkitpro//libnds/lib/libnds9.a(mpu_setup.o)
 .debug_info    0x0000000000006d93       0xd0 /home/luker/src/mazeman/devkitpro//libnds/lib/libnds9.a(swiSoftReset.o)
 .debug_info    0x0000000000006e63       0xce /home/luker/src/mazeman/devkitpro//libnds/lib/libnds9.a(debugprint.o)
 .debug_info    0x0000000000006f31       0xcd /home/luker/src/mazeman/devkitpro//libnds/lib/libnds9.a(biosCalls.o)
 .debug_info    0x0000000000006ffe       0xd7 /home/luker/src/mazeman/devkitpro//libnds/lib/libnds9.a(interruptDispatcher.o)
 .debug_info    0x00000000000070d5      0x54d /home/luker/src/mazeman/devkitpro//libnds/lib/libnds9.a(trig.o)
 .debug_info    0x0000000000007622      0x917 /home/luker/src/mazeman/devkitpro//libnds/lib/libnds9.a(system.o)
 .debug_info    0x0000000000007f39      0x6f8 /home/luker/src/mazeman/devkitpro//libnds/lib/libnds9.a(video.o)
 .debug_info    0x0000000000008631      0x14d /home/luker/src/mazeman/devkitpro//libnds/lib/libnds9.a(timeSupport.o)

.debug_abbrev   0x0000000000000000     0x1d83
 *(.debug_abbrev)
 .debug_abbrev  0x0000000000000000      0x25d main.o
 .debug_abbrev  0x000000000000025d      0x504 /home/luker/src/mazeman/devkitpro//libnds/lib/libnds9.a(console.o)
 .debug_abbrev  0x0000000000000761      0x124 /home/luker/src/mazeman/devkitpro//libnds/lib/libnds9.a(touch.o)